GAS LISTING /tmp/ccKEIWcR.s 			page 1


   1               		.file	"i2c.c"
   2               	__SP_H__ = 0x3e
   3               	__SP_L__ = 0x3d
   4               	__SREG__ = 0x3f
   5               	__tmp_reg__ = 0
   6               	__zero_reg__ = 1
   7               		.stabs	"/home/ghost/Project/LineFollower/",100,0,2,.Ltext0
   8               		.stabs	"./lib/i2c.c",100,0,2,.Ltext0
   9               		.text
  10               	.Ltext0:
  11               		.stabs	"gcc2_compiled.",60,0,0,0
  12               		.stabs	"int:t(0,1)=r(0,1);-32768;32767;",128,0,0,0
  13               		.stabs	"char:t(0,2)=@s8;r(0,2);0;255;",128,0,0,0
  14               		.stabs	"long int:t(0,3)=@s32;r(0,3);020000000000;017777777777;",128,0,0,0
  15               		.stabs	"unsigned int:t(0,4)=r(0,4);0;0177777;",128,0,0,0
  16               		.stabs	"long unsigned int:t(0,5)=@s32;r(0,5);0;037777777777;",128,0,0,0
  17               		.stabs	"long long int:t(0,6)=@s64;r(0,6);01000000000000000000000;0777777777777777777777;",128,0,0,
  18               		.stabs	"long long unsigned int:t(0,7)=@s64;r(0,7);0;01777777777777777777777;",128,0,0,0
  19               		.stabs	"short int:t(0,8)=r(0,8);-32768;32767;",128,0,0,0
  20               		.stabs	"short unsigned int:t(0,9)=r(0,9);0;0177777;",128,0,0,0
  21               		.stabs	"signed char:t(0,10)=@s8;r(0,10);-128;127;",128,0,0,0
  22               		.stabs	"unsigned char:t(0,11)=@s8;r(0,11);0;255;",128,0,0,0
  23               		.stabs	"float:t(0,12)=r(0,1);4;0;",128,0,0,0
  24               		.stabs	"double:t(0,13)=r(0,1);4;0;",128,0,0,0
  25               		.stabs	"long double:t(0,14)=r(0,1);4;0;",128,0,0,0
  26               		.stabs	"short _Fract:t(0,15)=r(0,1);1;0;",128,0,0,0
  27               		.stabs	"_Fract:t(0,16)=r(0,1);2;0;",128,0,0,0
  28               		.stabs	"long _Fract:t(0,17)=r(0,1);4;0;",128,0,0,0
  29               		.stabs	"long long _Fract:t(0,18)=r(0,1);8;0;",128,0,0,0
  30               		.stabs	"unsigned short _Fract:t(0,19)=r(0,1);1;0;",128,0,0,0
  31               		.stabs	"unsigned _Fract:t(0,20)=r(0,1);2;0;",128,0,0,0
  32               		.stabs	"unsigned long _Fract:t(0,21)=r(0,1);4;0;",128,0,0,0
  33               		.stabs	"unsigned long long _Fract:t(0,22)=r(0,1);8;0;",128,0,0,0
  34               		.stabs	"_Sat short _Fract:t(0,23)=r(0,1);1;0;",128,0,0,0
  35               		.stabs	"_Sat _Fract:t(0,24)=r(0,1);2;0;",128,0,0,0
  36               		.stabs	"_Sat long _Fract:t(0,25)=r(0,1);4;0;",128,0,0,0
  37               		.stabs	"_Sat long long _Fract:t(0,26)=r(0,1);8;0;",128,0,0,0
  38               		.stabs	"_Sat unsigned short _Fract:t(0,27)=r(0,1);1;0;",128,0,0,0
  39               		.stabs	"_Sat unsigned _Fract:t(0,28)=r(0,1);2;0;",128,0,0,0
  40               		.stabs	"_Sat unsigned long _Fract:t(0,29)=r(0,1);4;0;",128,0,0,0
  41               		.stabs	"_Sat unsigned long long _Fract:t(0,30)=r(0,1);8;0;",128,0,0,0
  42               		.stabs	"short _Accum:t(0,31)=r(0,1);2;0;",128,0,0,0
  43               		.stabs	"_Accum:t(0,32)=r(0,1);4;0;",128,0,0,0
  44               		.stabs	"long _Accum:t(0,33)=r(0,1);8;0;",128,0,0,0
  45               		.stabs	"long long _Accum:t(0,34)=r(0,1);8;0;",128,0,0,0
  46               		.stabs	"unsigned short _Accum:t(0,35)=r(0,1);2;0;",128,0,0,0
  47               		.stabs	"unsigned _Accum:t(0,36)=r(0,1);4;0;",128,0,0,0
  48               		.stabs	"unsigned long _Accum:t(0,37)=r(0,1);8;0;",128,0,0,0
  49               		.stabs	"unsigned long long _Accum:t(0,38)=r(0,1);8;0;",128,0,0,0
  50               		.stabs	"_Sat short _Accum:t(0,39)=r(0,1);2;0;",128,0,0,0
  51               		.stabs	"_Sat _Accum:t(0,40)=r(0,1);4;0;",128,0,0,0
  52               		.stabs	"_Sat long _Accum:t(0,41)=r(0,1);8;0;",128,0,0,0
  53               		.stabs	"_Sat long long _Accum:t(0,42)=r(0,1);8;0;",128,0,0,0
  54               		.stabs	"_Sat unsigned short _Accum:t(0,43)=r(0,1);2;0;",128,0,0,0
  55               		.stabs	"_Sat unsigned _Accum:t(0,44)=r(0,1);4;0;",128,0,0,0
  56               		.stabs	"_Sat unsigned long _Accum:t(0,45)=r(0,1);8;0;",128,0,0,0
  57               		.stabs	"_Sat unsigned long long _Accum:t(0,46)=r(0,1);8;0;",128,0,0,0
GAS LISTING /tmp/ccKEIWcR.s 			page 2


  58               		.stabs	"void:t(0,47)=(0,47)",128,0,0,0
  59               		.stabs	"./lib/inc/asuro.h",130,0,0,0
  60               		.stabs	"/usr/lib/avr/include/avr/io.h",130,0,0,0
  61               		.stabs	"/usr/lib/avr/include/avr/sfr_defs.h",130,0,0,0
  62               		.stabs	"/usr/lib/avr/include/inttypes.h",130,0,0,0
  63               		.stabs	"/usr/lib/gcc/avr/4.9.2/include/stdint.h",130,0,0,0
  64               		.stabs	"/usr/lib/avr/include/stdint.h",130,0,0,0
  65               		.stabs	"int8_t:t(6,1)=(0,10)",128,0,121,0
  66               		.stabs	"uint8_t:t(6,2)=(0,11)",128,0,122,0
  67               		.stabs	"int16_t:t(6,3)=(0,1)",128,0,123,0
  68               		.stabs	"uint16_t:t(6,4)=(0,4)",128,0,124,0
  69               		.stabs	"int32_t:t(6,5)=(0,3)",128,0,125,0
  70               		.stabs	"uint32_t:t(6,6)=(0,5)",128,0,126,0
  71               		.stabs	"int64_t:t(6,7)=(0,6)",128,0,128,0
  72               		.stabs	"uint64_t:t(6,8)=(0,7)",128,0,129,0
  73               		.stabs	"intptr_t:t(6,9)=(6,3)",128,0,142,0
  74               		.stabs	"uintptr_t:t(6,10)=(6,4)",128,0,147,0
  75               		.stabs	"int_least8_t:t(6,11)=(6,1)",128,0,159,0
  76               		.stabs	"uint_least8_t:t(6,12)=(6,2)",128,0,164,0
  77               		.stabs	"int_least16_t:t(6,13)=(6,3)",128,0,169,0
  78               		.stabs	"uint_least16_t:t(6,14)=(6,4)",128,0,174,0
  79               		.stabs	"int_least32_t:t(6,15)=(6,5)",128,0,179,0
  80               		.stabs	"uint_least32_t:t(6,16)=(6,6)",128,0,184,0
  81               		.stabs	"int_least64_t:t(6,17)=(6,7)",128,0,192,0
  82               		.stabs	"uint_least64_t:t(6,18)=(6,8)",128,0,199,0
  83               		.stabs	"int_fast8_t:t(6,19)=(6,1)",128,0,213,0
  84               		.stabs	"uint_fast8_t:t(6,20)=(6,2)",128,0,218,0
  85               		.stabs	"int_fast16_t:t(6,21)=(6,3)",128,0,223,0
  86               		.stabs	"uint_fast16_t:t(6,22)=(6,4)",128,0,228,0
  87               		.stabs	"int_fast32_t:t(6,23)=(6,5)",128,0,233,0
  88               		.stabs	"uint_fast32_t:t(6,24)=(6,6)",128,0,238,0
  89               		.stabs	"int_fast64_t:t(6,25)=(6,7)",128,0,246,0
  90               		.stabs	"uint_fast64_t:t(6,26)=(6,8)",128,0,253,0
  91               		.stabs	"intmax_t:t(6,27)=(6,7)",128,0,273,0
  92               		.stabs	"uintmax_t:t(6,28)=(6,8)",128,0,278,0
  93               		.stabn	162,0,0,0
  94               		.stabn	162,0,0,0
  95               		.stabs	"int_farptr_t:t(4,1)=(6,5)",128,0,77,0
  96               		.stabs	"uint_farptr_t:t(4,2)=(6,6)",128,0,81,0
  97               		.stabn	162,0,0,0
  98               		.stabn	162,0,0,0
  99               		.stabs	"/usr/lib/avr/include/avr/fuse.h",130,0,0,0
 100               		.stabs	"__fuse_t:t(7,1)=(7,2)=s2low:(0,11),0,8;high:(0,11),8,8;;",128,0,252,0
 101               		.stabn	162,0,0,0
 102               		.stabn	162,0,0,0
 103               		.stabs	"/usr/lib/avr/include/avr/pgmspace.h",130,0,0,0
 104               		.stabs	"/usr/lib/gcc/avr/4.9.2/include/stddef.h",130,0,0,0
 105               		.stabs	"size_t:t(9,1)=(0,4)",128,0,212,0
 106               		.stabn	162,0,0,0
 107               		.stabn	162,0,0,0
 108               		.stabs	"/usr/lib/avr/include/stdlib.h",130,0,0,0
 109               		.stabs	"/usr/lib/gcc/avr/4.9.2/include/stddef.h",130,0,0,0
 110               		.stabs	"wchar_t:t(11,1)=(0,1)",128,0,324,0
 111               		.stabn	162,0,0,0
 112               		.stabs	"div_t:t(10,1)=(10,2)=s4quot:(0,1),0,16;rem:(0,1),16,16;;",128,0,71,0
 113               		.stabs	"ldiv_t:t(10,3)=(10,4)=s8quot:(0,3),0,32;rem:(0,3),32,32;;",128,0,77,0
 114               		.stabs	"__compar_fn_t:t(10,5)=(10,6)=*(10,7)=f(0,1)",128,0,80,0
GAS LISTING /tmp/ccKEIWcR.s 			page 3


 115               		.stabn	162,0,0,0
 116               		.stabs	"voidFuncPtr:t(1,1)=(1,2)=*(1,3)=f(0,47)",128,0,343,0
 117               		.stabn	162,0,0,0
 118               		.section	.text.InitI2C,"ax",@progbits
 119               		.stabs	"InitI2C:F(0,47)",36,0,42,InitI2C
 120               	.global	InitI2C
 121               		.type	InitI2C, @function
 122               	InitI2C:
 123               		.stabd	46,0,0
   1:./lib/i2c.c   **** /****************************************************************************/
   2:./lib/i2c.c   **** /*!
   3:./lib/i2c.c   ****   \file     i2c.c
   4:./lib/i2c.c   **** 
   5:./lib/i2c.c   ****   \brief    Funktionen zum Emulieren der I2C Bus.\n
   6:./lib/i2c.c   ****             Dabei werden die Pins C2 und C3 genutzt als SCL und
   7:./lib/i2c.c   ****             SDA. Sie sind aber in myasuro.h veraenderbar. Die
   8:./lib/i2c.c   ****             Verwendung von I2C Bus benoetigt PullUps jeweils 4.7k Ohm.
   9:./lib/i2c.c   **** 
  10:./lib/i2c.c   ****   \see      Defines fuer die I2C in asuro.h\n
  11:./lib/i2c.c   **** 
  12:./lib/i2c.c   ****   \version  V001 - 17.02.2006 - Rizqi Ahmad (raid_ox)\n
  13:./lib/i2c.c   ****             Original Version
  14:./lib/i2c.c   ****   \version  V002 - 18.02.2006 - Sternthaler\n
  15:./lib/i2c.c   ****             Keine Codeaenderung.\n
  16:./lib/i2c.c   ****             Austausch der TAB's gegen BLANK's.
  17:./lib/i2c.c   **** *****************************************************************************/
  18:./lib/i2c.c   **** /*****************************************************************************
  19:./lib/i2c.c   **** *                                                                            *
  20:./lib/i2c.c   **** *   This program is free software; you can redistribute it and/or modify     *
  21:./lib/i2c.c   **** *   it under the terms of the GNU General Public License as published by     *
  22:./lib/i2c.c   **** *   the Free Software Foundation; either version 2 of the License, or        *
  23:./lib/i2c.c   **** *   any later version.                                                       *
  24:./lib/i2c.c   **** *                                                                            *
  25:./lib/i2c.c   **** *****************************************************************************/
  26:./lib/i2c.c   **** #include "asuro.h"
  27:./lib/i2c.c   **** #include "i2c.h"
  28:./lib/i2c.c   **** 
  29:./lib/i2c.c   **** 
  30:./lib/i2c.c   **** 
  31:./lib/i2c.c   **** /****************************************************************************/
  32:./lib/i2c.c   **** /*!
  33:./lib/i2c.c   ****   \brief
  34:./lib/i2c.c   ****   I2C Bus Initialisieren.
  35:./lib/i2c.c   **** 
  36:./lib/i2c.c   ****   \see SDA_HI, SCLHI
  37:./lib/i2c.c   **** 
  38:./lib/i2c.c   ****   \par  Funktionsweise:
  39:./lib/i2c.c   ****   Schaltet PC2 und PC3 als Ausgang. und Setze die Pins als High
  40:./lib/i2c.c   **** 
  41:./lib/i2c.c   **** *****************************************************************************/
  42:./lib/i2c.c   **** void InitI2C (void)
  43:./lib/i2c.c   **** {
 124               		.stabn	68,0,43,.LM0-.LFBB1
 125               	.LM0:
 126               	.LFBB1:
 127               	/* prologue: function */
 128               	/* frame size = 0 */
GAS LISTING /tmp/ccKEIWcR.s 			page 4


 129               	/* stack size = 0 */
 130               	.L__stack_usage = 0
  44:./lib/i2c.c   ****   SDA_DDR |= (1 << SDA);        
 131               		.stabn	68,0,44,.LM1-.LFBB1
 132               	.LM1:
 133 0000 A29A      		sbi 0x14,2
  45:./lib/i2c.c   ****   SCL_DDR |= (1 << SCL);        
 134               		.stabn	68,0,45,.LM2-.LFBB1
 135               	.LM2:
 136 0002 A39A      		sbi 0x14,3
  46:./lib/i2c.c   ****   SDA_HI;             
 137               		.stabn	68,0,46,.LM3-.LFBB1
 138               	.LM3:
 139 0004 AA9A      		sbi 0x15,2
  47:./lib/i2c.c   ****   SCL_HI;             
 140               		.stabn	68,0,47,.LM4-.LFBB1
 141               	.LM4:
 142 0006 AB9A      		sbi 0x15,3
 143 0008 0895      		ret
 144               		.size	InitI2C, .-InitI2C
 145               	.Lscope1:
 146               		.stabs	"",36,0,0,.Lscope1-.LFBB1
 147               		.stabd	78,0,0
 148               		.section	.text.WriteI2C,"ax",@progbits
 149               		.stabs	"WriteI2C:F(0,11)",36,0,66,WriteI2C
 150               		.stabs	"byte:P(0,11)",64,0,66,24
 151               	.global	WriteI2C
 152               		.type	WriteI2C, @function
 153               	WriteI2C:
 154               		.stabd	46,0,0
  48:./lib/i2c.c   **** }
  49:./lib/i2c.c   **** 
  50:./lib/i2c.c   **** 
  51:./lib/i2c.c   **** 
  52:./lib/i2c.c   **** /****************************************************************************/
  53:./lib/i2c.c   **** /*!
  54:./lib/i2c.c   ****   \brief
  55:./lib/i2c.c   ****   Daten ueber I2C schreiben
  56:./lib/i2c.c   **** 
  57:./lib/i2c.c   ****   \param
  58:./lib/i2c.c   ****   byte daten
  59:./lib/i2c.c   **** 
  60:./lib/i2c.c   ****   \return
  61:./lib/i2c.c   ****   antwort
  62:./lib/i2c.c   **** 
  63:./lib/i2c.c   ****   \see SDA_HI, SDA_LO, SCL_HI, SCL_TOGGLE, HDEL
  64:./lib/i2c.c   **** 
  65:./lib/i2c.c   **** *****************************************************************************/
  66:./lib/i2c.c   **** unsigned char WriteI2C (unsigned char byte)
  67:./lib/i2c.c   **** {
 155               		.stabn	68,0,67,.LM5-.LFBB2
 156               	.LM5:
 157               	.LFBB2:
 158               	/* prologue: function */
 159               	/* frame size = 0 */
 160               	/* stack size = 0 */
 161               	.L__stack_usage = 0
GAS LISTING /tmp/ccKEIWcR.s 			page 5


 162               		.stabn	68,0,67,.LM6-.LFBB2
 163               	.LM6:
 164 0000 27E0      		ldi r18,lo8(7)
 165 0002 30E0      		ldi r19,0
  68:./lib/i2c.c   ****   unsigned char i;
  69:./lib/i2c.c   ****   
  70:./lib/i2c.c   ****   for (i=8; i>0; i--)
  71:./lib/i2c.c   ****   {
  72:./lib/i2c.c   ****     if ( byte & (1<<(i-1)) )
 166               		.stabn	68,0,72,.LM7-.LFBB2
 167               	.LM7:
 168 0004 90E0      		ldi r25,0
 169               	.L5:
 170 0006 AC01      		movw r20,r24
 171 0008 022E      		mov r0,r18
 172 000a 00C0      		rjmp 2f
 173               		1:
 174 000c 5595      		asr r21
 175 000e 4795      		ror r20
 176               		2:
 177 0010 0A94      		dec r0
 178 0012 02F4      		brpl 1b
 179 0014 40FF      		sbrs r20,0
 180 0016 00C0      		rjmp .L3
  73:./lib/i2c.c   ****       SDA_HI;
 181               		.stabn	68,0,73,.LM8-.LFBB2
 182               	.LM8:
 183 0018 AA9A      		sbi 0x15,2
 184 001a 00C0      		rjmp .L4
 185               	.L3:
  74:./lib/i2c.c   ****     else
  75:./lib/i2c.c   ****       SDA_LO;         
 186               		.stabn	68,0,75,.LM9-.LFBB2
 187               	.LM9:
 188 001c AA98      		cbi 0x15,2
 189               	.L4:
  76:./lib/i2c.c   ****     SCL_TOGGLE;         
 190               		.stabn	68,0,76,.LM10-.LFBB2
 191               	.LM10:
 192               	/* #APP */
 193               	 ;  76 "./lib/i2c.c" 1
 194 001e 0000      		nop
 195               	 ;  0 "" 2
 196               	 ;  76 "./lib/i2c.c" 1
 197 0020 0000      		nop
 198               	 ;  0 "" 2
 199               	 ;  76 "./lib/i2c.c" 1
 200 0022 0000      		nop
 201               	 ;  0 "" 2
 202               	 ;  76 "./lib/i2c.c" 1
 203 0024 0000      		nop
 204               	 ;  0 "" 2
 205               	 ;  76 "./lib/i2c.c" 1
 206 0026 0000      		nop
 207               	 ;  0 "" 2
 208               	 ;  76 "./lib/i2c.c" 1
 209 0028 0000      		nop
GAS LISTING /tmp/ccKEIWcR.s 			page 6


 210               	 ;  0 "" 2
 211               	 ;  76 "./lib/i2c.c" 1
 212 002a 0000      		nop
 213               	 ;  0 "" 2
 214               	 ;  76 "./lib/i2c.c" 1
 215 002c 0000      		nop
 216               	 ;  0 "" 2
 217               	 ;  76 "./lib/i2c.c" 1
 218 002e 0000      		nop
 219               	 ;  0 "" 2
 220               	 ;  76 "./lib/i2c.c" 1
 221 0030 0000      		nop
 222               	 ;  0 "" 2
 223               	/* #NOAPP */
 224 0032 AB9A      		sbi 0x15,3
 225               	/* #APP */
 226               	 ;  76 "./lib/i2c.c" 1
 227 0034 0000      		nop
 228               	 ;  0 "" 2
 229               	 ;  76 "./lib/i2c.c" 1
 230 0036 0000      		nop
 231               	 ;  0 "" 2
 232               	 ;  76 "./lib/i2c.c" 1
 233 0038 0000      		nop
 234               	 ;  0 "" 2
 235               	 ;  76 "./lib/i2c.c" 1
 236 003a 0000      		nop
 237               	 ;  0 "" 2
 238               	 ;  76 "./lib/i2c.c" 1
 239 003c 0000      		nop
 240               	 ;  0 "" 2
 241               	 ;  76 "./lib/i2c.c" 1
 242 003e 0000      		nop
 243               	 ;  0 "" 2
 244               	 ;  76 "./lib/i2c.c" 1
 245 0040 0000      		nop
 246               	 ;  0 "" 2
 247               	 ;  76 "./lib/i2c.c" 1
 248 0042 0000      		nop
 249               	 ;  0 "" 2
 250               	 ;  76 "./lib/i2c.c" 1
 251 0044 0000      		nop
 252               	 ;  0 "" 2
 253               	 ;  76 "./lib/i2c.c" 1
 254 0046 0000      		nop
 255               	 ;  0 "" 2
 256               	/* #NOAPP */
 257 0048 AB98      		cbi 0x15,3
 258 004a 2150      		subi r18,1
 259 004c 3109      		sbc r19,__zero_reg__
 260 004e 00F4      		brcc .L5
  77:./lib/i2c.c   ****   }
  78:./lib/i2c.c   ****   SDA_HI;             
 261               		.stabn	68,0,78,.LM11-.LFBB2
 262               	.LM11:
 263 0050 AA9A      		sbi 0x15,2
  79:./lib/i2c.c   **** 
GAS LISTING /tmp/ccKEIWcR.s 			page 7


  80:./lib/i2c.c   ****   SDA_DDR &= ~(1 << SDA);
 264               		.stabn	68,0,80,.LM12-.LFBB2
 265               	.LM12:
 266 0052 A298      		cbi 0x14,2
  81:./lib/i2c.c   ****   HDEL;
 267               		.stabn	68,0,81,.LM13-.LFBB2
 268               	.LM13:
 269               	/* #APP */
 270               	 ;  81 "./lib/i2c.c" 1
 271 0054 0000      		nop
 272               	 ;  0 "" 2
 273               	 ;  81 "./lib/i2c.c" 1
 274 0056 0000      		nop
 275               	 ;  0 "" 2
 276               	 ;  81 "./lib/i2c.c" 1
 277 0058 0000      		nop
 278               	 ;  0 "" 2
 279               	 ;  81 "./lib/i2c.c" 1
 280 005a 0000      		nop
 281               	 ;  0 "" 2
 282               	 ;  81 "./lib/i2c.c" 1
 283 005c 0000      		nop
 284               	 ;  0 "" 2
 285               	 ;  81 "./lib/i2c.c" 1
 286 005e 0000      		nop
 287               	 ;  0 "" 2
 288               	 ;  81 "./lib/i2c.c" 1
 289 0060 0000      		nop
 290               	 ;  0 "" 2
 291               	 ;  81 "./lib/i2c.c" 1
 292 0062 0000      		nop
 293               	 ;  0 "" 2
 294               	 ;  81 "./lib/i2c.c" 1
 295 0064 0000      		nop
 296               	 ;  0 "" 2
 297               	 ;  81 "./lib/i2c.c" 1
 298 0066 0000      		nop
 299               	 ;  0 "" 2
  82:./lib/i2c.c   ****   SCL_HI;
 300               		.stabn	68,0,82,.LM14-.LFBB2
 301               	.LM14:
 302               	/* #NOAPP */
 303 0068 AB9A      		sbi 0x15,3
  83:./lib/i2c.c   ****   byte = SDA_PIN & (1 << SDA);
 304               		.stabn	68,0,83,.LM15-.LFBB2
 305               	.LM15:
 306 006a 83B3      		in r24,0x13
  84:./lib/i2c.c   **** 
  85:./lib/i2c.c   ****   HDEL;
 307               		.stabn	68,0,85,.LM16-.LFBB2
 308               	.LM16:
 309               	/* #APP */
 310               	 ;  85 "./lib/i2c.c" 1
 311 006c 0000      		nop
 312               	 ;  0 "" 2
 313               	 ;  85 "./lib/i2c.c" 1
 314 006e 0000      		nop
GAS LISTING /tmp/ccKEIWcR.s 			page 8


 315               	 ;  0 "" 2
 316               	 ;  85 "./lib/i2c.c" 1
 317 0070 0000      		nop
 318               	 ;  0 "" 2
 319               	 ;  85 "./lib/i2c.c" 1
 320 0072 0000      		nop
 321               	 ;  0 "" 2
 322               	 ;  85 "./lib/i2c.c" 1
 323 0074 0000      		nop
 324               	 ;  0 "" 2
 325               	 ;  85 "./lib/i2c.c" 1
 326 0076 0000      		nop
 327               	 ;  0 "" 2
 328               	 ;  85 "./lib/i2c.c" 1
 329 0078 0000      		nop
 330               	 ;  0 "" 2
 331               	 ;  85 "./lib/i2c.c" 1
 332 007a 0000      		nop
 333               	 ;  0 "" 2
 334               	 ;  85 "./lib/i2c.c" 1
 335 007c 0000      		nop
 336               	 ;  0 "" 2
 337               	 ;  85 "./lib/i2c.c" 1
 338 007e 0000      		nop
 339               	 ;  0 "" 2
  86:./lib/i2c.c   ****   SCL_LO;
 340               		.stabn	68,0,86,.LM17-.LFBB2
 341               	.LM17:
 342               	/* #NOAPP */
 343 0080 AB98      		cbi 0x15,3
  87:./lib/i2c.c   ****   SDA_DDR |= (1 << SDA);
 344               		.stabn	68,0,87,.LM18-.LFBB2
 345               	.LM18:
 346 0082 A29A      		sbi 0x14,2
  88:./lib/i2c.c   ****   HDEL;
 347               		.stabn	68,0,88,.LM19-.LFBB2
 348               	.LM19:
 349               	/* #APP */
 350               	 ;  88 "./lib/i2c.c" 1
 351 0084 0000      		nop
 352               	 ;  0 "" 2
 353               	 ;  88 "./lib/i2c.c" 1
 354 0086 0000      		nop
 355               	 ;  0 "" 2
 356               	 ;  88 "./lib/i2c.c" 1
 357 0088 0000      		nop
 358               	 ;  0 "" 2
 359               	 ;  88 "./lib/i2c.c" 1
 360 008a 0000      		nop
 361               	 ;  0 "" 2
 362               	 ;  88 "./lib/i2c.c" 1
 363 008c 0000      		nop
 364               	 ;  0 "" 2
 365               	 ;  88 "./lib/i2c.c" 1
 366 008e 0000      		nop
 367               	 ;  0 "" 2
 368               	 ;  88 "./lib/i2c.c" 1
GAS LISTING /tmp/ccKEIWcR.s 			page 9


 369 0090 0000      		nop
 370               	 ;  0 "" 2
 371               	 ;  88 "./lib/i2c.c" 1
 372 0092 0000      		nop
 373               	 ;  0 "" 2
 374               	 ;  88 "./lib/i2c.c" 1
 375 0094 0000      		nop
 376               	 ;  0 "" 2
 377               	 ;  88 "./lib/i2c.c" 1
 378 0096 0000      		nop
 379               	 ;  0 "" 2
  89:./lib/i2c.c   **** 
  90:./lib/i2c.c   ****   return (byte == 0);
 380               		.stabn	68,0,90,.LM20-.LFBB2
 381               	.LM20:
 382               	/* #NOAPP */
 383 0098 82FB      		bst r24,2
 384 009a 8827      		clr r24
 385 009c 80F9      		bld r24,0
  91:./lib/i2c.c   **** }
 386               		.stabn	68,0,91,.LM21-.LFBB2
 387               	.LM21:
 388 009e 91E0      		ldi r25,lo8(1)
 389 00a0 8927      		eor r24,r25
 390 00a2 0895      		ret
 391               		.size	WriteI2C, .-WriteI2C
 392               	.Lscope2:
 393               		.stabs	"",36,0,0,.Lscope2-.LFBB2
 394               		.stabd	78,0,0
 395               		.section	.text.ReadI2C,"ax",@progbits
 396               		.stabs	"ReadI2C:F(0,11)",36,0,109,ReadI2C
 397               		.stabs	"ack:P(0,11)",64,0,109,19
 398               	.global	ReadI2C
 399               		.type	ReadI2C, @function
 400               	ReadI2C:
 401               		.stabd	46,0,0
  92:./lib/i2c.c   **** 
  93:./lib/i2c.c   **** 
  94:./lib/i2c.c   **** 
  95:./lib/i2c.c   **** /****************************************************************************/
  96:./lib/i2c.c   **** /*!
  97:./lib/i2c.c   ****   \brief
  98:./lib/i2c.c   ****   Daten aus I2C Bus lesen
  99:./lib/i2c.c   **** 
 100:./lib/i2c.c   ****   \param
 101:./lib/i2c.c   ****   ack NAK oder ACK
 102:./lib/i2c.c   **** 
 103:./lib/i2c.c   ****   \return
 104:./lib/i2c.c   ****   erhaltene Daten
 105:./lib/i2c.c   **** 
 106:./lib/i2c.c   ****   \see SDA_HI, SDA_LO, SCL_HI, SCL_TOGGLE, HDEL
 107:./lib/i2c.c   **** 
 108:./lib/i2c.c   **** *****************************************************************************/
 109:./lib/i2c.c   **** unsigned char ReadI2C(unsigned char ack)
 110:./lib/i2c.c   **** {
 402               		.stabn	68,0,110,.LM22-.LFBB3
 403               	.LM22:
GAS LISTING /tmp/ccKEIWcR.s 			page 10


 404               	.LFBB3:
 405               	/* prologue: function */
 406               	/* frame size = 0 */
 407               	/* stack size = 0 */
 408               	.L__stack_usage = 0
 409 0000 382F      		mov r19,r24
 111:./lib/i2c.c   ****   unsigned char i, byte = 0;
 112:./lib/i2c.c   ****   
 113:./lib/i2c.c   ****   SDA_HI;
 410               		.stabn	68,0,113,.LM23-.LFBB3
 411               	.LM23:
 412 0002 AA9A      		sbi 0x15,2
 114:./lib/i2c.c   ****   SDA_DDR &= ~(1 << SDA);
 413               		.stabn	68,0,114,.LM24-.LFBB3
 414               	.LM24:
 415 0004 A298      		cbi 0x14,2
 416 0006 98E0      		ldi r25,lo8(8)
 111:./lib/i2c.c   ****   unsigned char i, byte = 0;
 417               		.stabn	68,0,111,.LM25-.LFBB3
 418               	.LM25:
 419 0008 80E0      		ldi r24,0
 420               	.L9:
 115:./lib/i2c.c   ****   
 116:./lib/i2c.c   ****   for (i=0; i<8; i++)
 117:./lib/i2c.c   ****   {
 118:./lib/i2c.c   ****   HDEL;
 421               		.stabn	68,0,118,.LM26-.LFBB3
 422               	.LM26:
 423               	/* #APP */
 424               	 ;  118 "./lib/i2c.c" 1
 425 000a 0000      		nop
 426               	 ;  0 "" 2
 427               	 ;  118 "./lib/i2c.c" 1
 428 000c 0000      		nop
 429               	 ;  0 "" 2
 430               	 ;  118 "./lib/i2c.c" 1
 431 000e 0000      		nop
 432               	 ;  0 "" 2
 433               	 ;  118 "./lib/i2c.c" 1
 434 0010 0000      		nop
 435               	 ;  0 "" 2
 436               	 ;  118 "./lib/i2c.c" 1
 437 0012 0000      		nop
 438               	 ;  0 "" 2
 439               	 ;  118 "./lib/i2c.c" 1
 440 0014 0000      		nop
 441               	 ;  0 "" 2
 442               	 ;  118 "./lib/i2c.c" 1
 443 0016 0000      		nop
 444               	 ;  0 "" 2
 445               	 ;  118 "./lib/i2c.c" 1
 446 0018 0000      		nop
 447               	 ;  0 "" 2
 448               	 ;  118 "./lib/i2c.c" 1
 449 001a 0000      		nop
 450               	 ;  0 "" 2
 451               	 ;  118 "./lib/i2c.c" 1
GAS LISTING /tmp/ccKEIWcR.s 			page 11


 452 001c 0000      		nop
 453               	 ;  0 "" 2
 119:./lib/i2c.c   ****     SCL_HI;
 454               		.stabn	68,0,119,.LM27-.LFBB3
 455               	.LM27:
 456               	/* #NOAPP */
 457 001e AB9A      		sbi 0x15,3
 120:./lib/i2c.c   ****     byte <<= 1;
 121:./lib/i2c.c   ****     byte |= (SDA_PIN & (1 << SDA)) >> SDA;
 458               		.stabn	68,0,121,.LM28-.LFBB3
 459               	.LM28:
 460 0020 23B3      		in r18,0x13
 461 0022 22FB      		bst r18,2
 462 0024 2227      		clr r18
 463 0026 20F9      		bld r18,0
 120:./lib/i2c.c   ****     byte <<= 1;
 464               		.stabn	68,0,120,.LM29-.LFBB3
 465               	.LM29:
 466 0028 880F      		lsl r24
 467               		.stabn	68,0,121,.LM30-.LFBB3
 468               	.LM30:
 469 002a 822B      		or r24,r18
 122:./lib/i2c.c   ****     HDEL;
 470               		.stabn	68,0,122,.LM31-.LFBB3
 471               	.LM31:
 472               	/* #APP */
 473               	 ;  122 "./lib/i2c.c" 1
 474 002c 0000      		nop
 475               	 ;  0 "" 2
 476               	 ;  122 "./lib/i2c.c" 1
 477 002e 0000      		nop
 478               	 ;  0 "" 2
 479               	 ;  122 "./lib/i2c.c" 1
 480 0030 0000      		nop
 481               	 ;  0 "" 2
 482               	 ;  122 "./lib/i2c.c" 1
 483 0032 0000      		nop
 484               	 ;  0 "" 2
 485               	 ;  122 "./lib/i2c.c" 1
 486 0034 0000      		nop
 487               	 ;  0 "" 2
 488               	 ;  122 "./lib/i2c.c" 1
 489 0036 0000      		nop
 490               	 ;  0 "" 2
 491               	 ;  122 "./lib/i2c.c" 1
 492 0038 0000      		nop
 493               	 ;  0 "" 2
 494               	 ;  122 "./lib/i2c.c" 1
 495 003a 0000      		nop
 496               	 ;  0 "" 2
 497               	 ;  122 "./lib/i2c.c" 1
 498 003c 0000      		nop
 499               	 ;  0 "" 2
 500               	 ;  122 "./lib/i2c.c" 1
 501 003e 0000      		nop
 502               	 ;  0 "" 2
 123:./lib/i2c.c   ****     SCL_LO;
GAS LISTING /tmp/ccKEIWcR.s 			page 12


 503               		.stabn	68,0,123,.LM32-.LFBB3
 504               	.LM32:
 505               	/* #NOAPP */
 506 0040 AB98      		cbi 0x15,3
 507 0042 9150      		subi r25,lo8(-(-1))
 116:./lib/i2c.c   ****   {
 508               		.stabn	68,0,116,.LM33-.LFBB3
 509               	.LM33:
 510 0044 01F4      		brne .L9
 124:./lib/i2c.c   ****   }
 125:./lib/i2c.c   **** 
 126:./lib/i2c.c   ****   SDA_DDR |= (1 << SDA);
 511               		.stabn	68,0,126,.LM34-.LFBB3
 512               	.LM34:
 513 0046 A29A      		sbi 0x14,2
 127:./lib/i2c.c   **** 
 128:./lib/i2c.c   ****   if (ack)
 514               		.stabn	68,0,128,.LM35-.LFBB3
 515               	.LM35:
 516 0048 3323      		tst r19
 517 004a 01F0      		breq .L10
 129:./lib/i2c.c   ****     SDA_LO;                             // ack
 518               		.stabn	68,0,129,.LM36-.LFBB3
 519               	.LM36:
 520 004c AA98      		cbi 0x15,2
 521 004e 00C0      		rjmp .L11
 522               	.L10:
 130:./lib/i2c.c   ****   else
 131:./lib/i2c.c   ****     SDA_HI;                             // nak
 523               		.stabn	68,0,131,.LM37-.LFBB3
 524               	.LM37:
 525 0050 AA9A      		sbi 0x15,2
 526               	.L11:
 132:./lib/i2c.c   **** 
 133:./lib/i2c.c   ****   SCL_TOGGLE;
 527               		.stabn	68,0,133,.LM38-.LFBB3
 528               	.LM38:
 529               	/* #APP */
 530               	 ;  133 "./lib/i2c.c" 1
 531 0052 0000      		nop
 532               	 ;  0 "" 2
 533               	 ;  133 "./lib/i2c.c" 1
 534 0054 0000      		nop
 535               	 ;  0 "" 2
 536               	 ;  133 "./lib/i2c.c" 1
 537 0056 0000      		nop
 538               	 ;  0 "" 2
 539               	 ;  133 "./lib/i2c.c" 1
 540 0058 0000      		nop
 541               	 ;  0 "" 2
 542               	 ;  133 "./lib/i2c.c" 1
 543 005a 0000      		nop
 544               	 ;  0 "" 2
 545               	 ;  133 "./lib/i2c.c" 1
 546 005c 0000      		nop
 547               	 ;  0 "" 2
 548               	 ;  133 "./lib/i2c.c" 1
GAS LISTING /tmp/ccKEIWcR.s 			page 13


 549 005e 0000      		nop
 550               	 ;  0 "" 2
 551               	 ;  133 "./lib/i2c.c" 1
 552 0060 0000      		nop
 553               	 ;  0 "" 2
 554               	 ;  133 "./lib/i2c.c" 1
 555 0062 0000      		nop
 556               	 ;  0 "" 2
 557               	 ;  133 "./lib/i2c.c" 1
 558 0064 0000      		nop
 559               	 ;  0 "" 2
 560               	/* #NOAPP */
 561 0066 AB9A      		sbi 0x15,3
 562               	/* #APP */
 563               	 ;  133 "./lib/i2c.c" 1
 564 0068 0000      		nop
 565               	 ;  0 "" 2
 566               	 ;  133 "./lib/i2c.c" 1
 567 006a 0000      		nop
 568               	 ;  0 "" 2
 569               	 ;  133 "./lib/i2c.c" 1
 570 006c 0000      		nop
 571               	 ;  0 "" 2
 572               	 ;  133 "./lib/i2c.c" 1
 573 006e 0000      		nop
 574               	 ;  0 "" 2
 575               	 ;  133 "./lib/i2c.c" 1
 576 0070 0000      		nop
 577               	 ;  0 "" 2
 578               	 ;  133 "./lib/i2c.c" 1
 579 0072 0000      		nop
 580               	 ;  0 "" 2
 581               	 ;  133 "./lib/i2c.c" 1
 582 0074 0000      		nop
 583               	 ;  0 "" 2
 584               	 ;  133 "./lib/i2c.c" 1
 585 0076 0000      		nop
 586               	 ;  0 "" 2
 587               	 ;  133 "./lib/i2c.c" 1
 588 0078 0000      		nop
 589               	 ;  0 "" 2
 590               	 ;  133 "./lib/i2c.c" 1
 591 007a 0000      		nop
 592               	 ;  0 "" 2
 593               	/* #NOAPP */
 594 007c AB98      		cbi 0x15,3
 134:./lib/i2c.c   ****   SDA_HI;
 595               		.stabn	68,0,134,.LM39-.LFBB3
 596               	.LM39:
 597 007e AA9A      		sbi 0x15,2
 135:./lib/i2c.c   **** 
 136:./lib/i2c.c   ****   return byte;
 137:./lib/i2c.c   **** }
 598               		.stabn	68,0,137,.LM40-.LFBB3
 599               	.LM40:
 600 0080 0895      		ret
 601               		.size	ReadI2C, .-ReadI2C
GAS LISTING /tmp/ccKEIWcR.s 			page 14


 602               	.Lscope3:
 603               		.stabs	"",36,0,0,.Lscope3-.LFBB3
 604               		.stabd	78,0,0
 605               		.section	.text.StartI2C,"ax",@progbits
 606               		.stabs	"StartI2C:F(0,11)",36,0,153,StartI2C
 607               		.stabs	"device:P(0,11)",64,0,153,24
 608               	.global	StartI2C
 609               		.type	StartI2C, @function
 610               	StartI2C:
 611               		.stabd	46,0,0
 138:./lib/i2c.c   **** 
 139:./lib/i2c.c   **** 
 140:./lib/i2c.c   **** 
 141:./lib/i2c.c   **** /****************************************************************************/
 142:./lib/i2c.c   **** /*!
 143:./lib/i2c.c   ****   \brief
 144:./lib/i2c.c   ****   Datenaustausch starten
 145:./lib/i2c.c   **** 
 146:./lib/i2c.c   ****   \param
 147:./lib/i2c.c   ****   device Addresse der I2C Gerät
 148:./lib/i2c.c   **** 
 149:./lib/i2c.c   ****   \return
 150:./lib/i2c.c   ****   antwort
 151:./lib/i2c.c   **** 
 152:./lib/i2c.c   **** *****************************************************************************/
 153:./lib/i2c.c   **** unsigned char StartI2C (unsigned char device)
 154:./lib/i2c.c   **** {
 612               		.stabn	68,0,154,.LM41-.LFBB4
 613               	.LM41:
 614               	.LFBB4:
 615               	/* prologue: function */
 616               	/* frame size = 0 */
 617               	/* stack size = 0 */
 618               	.L__stack_usage = 0
 155:./lib/i2c.c   ****   I2C_START;
 619               		.stabn	68,0,155,.LM42-.LFBB4
 620               	.LM42:
 621 0000 AA98      		cbi 0x15,2
 622               	/* #APP */
 623               	 ;  155 "./lib/i2c.c" 1
 624 0002 0000      		nop
 625               	 ;  0 "" 2
 626               	 ;  155 "./lib/i2c.c" 1
 627 0004 0000      		nop
 628               	 ;  0 "" 2
 629               	 ;  155 "./lib/i2c.c" 1
 630 0006 0000      		nop
 631               	 ;  0 "" 2
 632               	 ;  155 "./lib/i2c.c" 1
 633 0008 0000      		nop
 634               	 ;  0 "" 2
 635               	 ;  155 "./lib/i2c.c" 1
 636 000a 0000      		nop
 637               	 ;  0 "" 2
 638               	/* #NOAPP */
 639 000c AB98      		cbi 0x15,3
 156:./lib/i2c.c   ****   return WriteI2C (device);
GAS LISTING /tmp/ccKEIWcR.s 			page 15


 640               		.stabn	68,0,156,.LM43-.LFBB4
 641               	.LM43:
 642 000e 00C0      		rjmp WriteI2C
 643               		.size	StartI2C, .-StartI2C
 644               	.Lscope4:
 645               		.stabs	"",36,0,0,.Lscope4-.LFBB4
 646               		.stabd	78,0,0
 647               		.section	.text.StopI2C,"ax",@progbits
 648               		.stabs	"StopI2C:F(0,47)",36,0,168,StopI2C
 649               	.global	StopI2C
 650               		.type	StopI2C, @function
 651               	StopI2C:
 652               		.stabd	46,0,0
 157:./lib/i2c.c   **** }
 158:./lib/i2c.c   **** 
 159:./lib/i2c.c   **** 
 160:./lib/i2c.c   **** 
 161:./lib/i2c.c   **** /****************************************************************************/
 162:./lib/i2c.c   **** /*!
 163:./lib/i2c.c   ****   \brief
 164:./lib/i2c.c   ****   Datenaustausch Stoppen
 165:./lib/i2c.c   **** 
 166:./lib/i2c.c   **** 
 167:./lib/i2c.c   **** *****************************************************************************/
 168:./lib/i2c.c   **** void StopI2C (void)
 169:./lib/i2c.c   **** {
 653               		.stabn	68,0,169,.LM44-.LFBB5
 654               	.LM44:
 655               	.LFBB5:
 656               	/* prologue: function */
 657               	/* frame size = 0 */
 658               	/* stack size = 0 */
 659               	.L__stack_usage = 0
 170:./lib/i2c.c   ****   SDA_LO;
 660               		.stabn	68,0,170,.LM45-.LFBB5
 661               	.LM45:
 662 0000 AA98      		cbi 0x15,2
 171:./lib/i2c.c   ****   I2C_STOP;
 663               		.stabn	68,0,171,.LM46-.LFBB5
 664               	.LM46:
 665               	/* #APP */
 666               	 ;  171 "./lib/i2c.c" 1
 667 0002 0000      		nop
 668               	 ;  0 "" 2
 669               	 ;  171 "./lib/i2c.c" 1
 670 0004 0000      		nop
 671               	 ;  0 "" 2
 672               	 ;  171 "./lib/i2c.c" 1
 673 0006 0000      		nop
 674               	 ;  0 "" 2
 675               	 ;  171 "./lib/i2c.c" 1
 676 0008 0000      		nop
 677               	 ;  0 "" 2
 678               	 ;  171 "./lib/i2c.c" 1
 679 000a 0000      		nop
 680               	 ;  0 "" 2
 681               	 ;  171 "./lib/i2c.c" 1
GAS LISTING /tmp/ccKEIWcR.s 			page 16


 682 000c 0000      		nop
 683               	 ;  0 "" 2
 684               	 ;  171 "./lib/i2c.c" 1
 685 000e 0000      		nop
 686               	 ;  0 "" 2
 687               	 ;  171 "./lib/i2c.c" 1
 688 0010 0000      		nop
 689               	 ;  0 "" 2
 690               	 ;  171 "./lib/i2c.c" 1
 691 0012 0000      		nop
 692               	 ;  0 "" 2
 693               	 ;  171 "./lib/i2c.c" 1
 694 0014 0000      		nop
 695               	 ;  0 "" 2
 696               	/* #NOAPP */
 697 0016 AB9A      		sbi 0x15,3
 698               	/* #APP */
 699               	 ;  171 "./lib/i2c.c" 1
 700 0018 0000      		nop
 701               	 ;  0 "" 2
 702               	 ;  171 "./lib/i2c.c" 1
 703 001a 0000      		nop
 704               	 ;  0 "" 2
 705               	 ;  171 "./lib/i2c.c" 1
 706 001c 0000      		nop
 707               	 ;  0 "" 2
 708               	 ;  171 "./lib/i2c.c" 1
 709 001e 0000      		nop
 710               	 ;  0 "" 2
 711               	 ;  171 "./lib/i2c.c" 1
 712 0020 0000      		nop
 713               	 ;  0 "" 2
 714               	/* #NOAPP */
 715 0022 AA9A      		sbi 0x15,2
 716               	/* #APP */
 717               	 ;  171 "./lib/i2c.c" 1
 718 0024 0000      		nop
 719               	 ;  0 "" 2
 720               	 ;  171 "./lib/i2c.c" 1
 721 0026 0000      		nop
 722               	 ;  0 "" 2
 723               	 ;  171 "./lib/i2c.c" 1
 724 0028 0000      		nop
 725               	 ;  0 "" 2
 726               	 ;  171 "./lib/i2c.c" 1
 727 002a 0000      		nop
 728               	 ;  0 "" 2
 729               	 ;  171 "./lib/i2c.c" 1
 730 002c 0000      		nop
 731               	 ;  0 "" 2
 732               	 ;  171 "./lib/i2c.c" 1
 733 002e 0000      		nop
 734               	 ;  0 "" 2
 735               	 ;  171 "./lib/i2c.c" 1
 736 0030 0000      		nop
 737               	 ;  0 "" 2
 738               	 ;  171 "./lib/i2c.c" 1
GAS LISTING /tmp/ccKEIWcR.s 			page 17


 739 0032 0000      		nop
 740               	 ;  0 "" 2
 741               	 ;  171 "./lib/i2c.c" 1
 742 0034 0000      		nop
 743               	 ;  0 "" 2
 744               	 ;  171 "./lib/i2c.c" 1
 745 0036 0000      		nop
 746               	 ;  0 "" 2
 747               	/* #NOAPP */
 748 0038 0895      		ret
 749               		.size	StopI2C, .-StopI2C
 750               	.Lscope5:
 751               		.stabs	"",36,0,0,.Lscope5-.LFBB5
 752               		.stabd	78,0,0
 753               		.text
 754               		.stabs	"",100,0,0,.Letext0
 755               	.Letext0:
 756               		.ident	"GCC: (GNU) 4.9.2"
GAS LISTING /tmp/ccKEIWcR.s 			page 18


DEFINED SYMBOLS
                            *ABS*:0000000000000000 i2c.c
     /tmp/ccKEIWcR.s:2      *ABS*:000000000000003e __SP_H__
     /tmp/ccKEIWcR.s:3      *ABS*:000000000000003d __SP_L__
     /tmp/ccKEIWcR.s:4      *ABS*:000000000000003f __SREG__
     /tmp/ccKEIWcR.s:5      *ABS*:0000000000000000 __tmp_reg__
     /tmp/ccKEIWcR.s:6      *ABS*:0000000000000001 __zero_reg__
     /tmp/ccKEIWcR.s:122    .text.InitI2C:0000000000000000 InitI2C
     /tmp/ccKEIWcR.s:153    .text.WriteI2C:0000000000000000 WriteI2C
     /tmp/ccKEIWcR.s:400    .text.ReadI2C:0000000000000000 ReadI2C
     /tmp/ccKEIWcR.s:610    .text.StartI2C:0000000000000000 StartI2C
     /tmp/ccKEIWcR.s:651    .text.StopI2C:0000000000000000 StopI2C

NO UNDEFINED SYMBOLS
