GAS LISTING /tmp/ccf8kazU.s 			page 1


   1               		.file	"leds.c"
   2               	__SP_H__ = 0x3e
   3               	__SP_L__ = 0x3d
   4               	__SREG__ = 0x3f
   5               	__tmp_reg__ = 0
   6               	__zero_reg__ = 1
   7               		.stabs	"/home/ghost/Project/LineFollower/",100,0,2,.Ltext0
   8               		.stabs	"./lib/leds.c",100,0,2,.Ltext0
   9               		.text
  10               	.Ltext0:
  11               		.stabs	"gcc2_compiled.",60,0,0,0
  12               		.stabs	"int:t(0,1)=r(0,1);-32768;32767;",128,0,0,0
  13               		.stabs	"char:t(0,2)=@s8;r(0,2);0;255;",128,0,0,0
  14               		.stabs	"long int:t(0,3)=@s32;r(0,3);020000000000;017777777777;",128,0,0,0
  15               		.stabs	"unsigned int:t(0,4)=r(0,4);0;0177777;",128,0,0,0
  16               		.stabs	"long unsigned int:t(0,5)=@s32;r(0,5);0;037777777777;",128,0,0,0
  17               		.stabs	"long long int:t(0,6)=@s64;r(0,6);01000000000000000000000;0777777777777777777777;",128,0,0,
  18               		.stabs	"long long unsigned int:t(0,7)=@s64;r(0,7);0;01777777777777777777777;",128,0,0,0
  19               		.stabs	"short int:t(0,8)=r(0,8);-32768;32767;",128,0,0,0
  20               		.stabs	"short unsigned int:t(0,9)=r(0,9);0;0177777;",128,0,0,0
  21               		.stabs	"signed char:t(0,10)=@s8;r(0,10);-128;127;",128,0,0,0
  22               		.stabs	"unsigned char:t(0,11)=@s8;r(0,11);0;255;",128,0,0,0
  23               		.stabs	"float:t(0,12)=r(0,1);4;0;",128,0,0,0
  24               		.stabs	"double:t(0,13)=r(0,1);4;0;",128,0,0,0
  25               		.stabs	"long double:t(0,14)=r(0,1);4;0;",128,0,0,0
  26               		.stabs	"short _Fract:t(0,15)=r(0,1);1;0;",128,0,0,0
  27               		.stabs	"_Fract:t(0,16)=r(0,1);2;0;",128,0,0,0
  28               		.stabs	"long _Fract:t(0,17)=r(0,1);4;0;",128,0,0,0
  29               		.stabs	"long long _Fract:t(0,18)=r(0,1);8;0;",128,0,0,0
  30               		.stabs	"unsigned short _Fract:t(0,19)=r(0,1);1;0;",128,0,0,0
  31               		.stabs	"unsigned _Fract:t(0,20)=r(0,1);2;0;",128,0,0,0
  32               		.stabs	"unsigned long _Fract:t(0,21)=r(0,1);4;0;",128,0,0,0
  33               		.stabs	"unsigned long long _Fract:t(0,22)=r(0,1);8;0;",128,0,0,0
  34               		.stabs	"_Sat short _Fract:t(0,23)=r(0,1);1;0;",128,0,0,0
  35               		.stabs	"_Sat _Fract:t(0,24)=r(0,1);2;0;",128,0,0,0
  36               		.stabs	"_Sat long _Fract:t(0,25)=r(0,1);4;0;",128,0,0,0
  37               		.stabs	"_Sat long long _Fract:t(0,26)=r(0,1);8;0;",128,0,0,0
  38               		.stabs	"_Sat unsigned short _Fract:t(0,27)=r(0,1);1;0;",128,0,0,0
  39               		.stabs	"_Sat unsigned _Fract:t(0,28)=r(0,1);2;0;",128,0,0,0
  40               		.stabs	"_Sat unsigned long _Fract:t(0,29)=r(0,1);4;0;",128,0,0,0
  41               		.stabs	"_Sat unsigned long long _Fract:t(0,30)=r(0,1);8;0;",128,0,0,0
  42               		.stabs	"short _Accum:t(0,31)=r(0,1);2;0;",128,0,0,0
  43               		.stabs	"_Accum:t(0,32)=r(0,1);4;0;",128,0,0,0
  44               		.stabs	"long _Accum:t(0,33)=r(0,1);8;0;",128,0,0,0
  45               		.stabs	"long long _Accum:t(0,34)=r(0,1);8;0;",128,0,0,0
  46               		.stabs	"unsigned short _Accum:t(0,35)=r(0,1);2;0;",128,0,0,0
  47               		.stabs	"unsigned _Accum:t(0,36)=r(0,1);4;0;",128,0,0,0
  48               		.stabs	"unsigned long _Accum:t(0,37)=r(0,1);8;0;",128,0,0,0
  49               		.stabs	"unsigned long long _Accum:t(0,38)=r(0,1);8;0;",128,0,0,0
  50               		.stabs	"_Sat short _Accum:t(0,39)=r(0,1);2;0;",128,0,0,0
  51               		.stabs	"_Sat _Accum:t(0,40)=r(0,1);4;0;",128,0,0,0
  52               		.stabs	"_Sat long _Accum:t(0,41)=r(0,1);8;0;",128,0,0,0
  53               		.stabs	"_Sat long long _Accum:t(0,42)=r(0,1);8;0;",128,0,0,0
  54               		.stabs	"_Sat unsigned short _Accum:t(0,43)=r(0,1);2;0;",128,0,0,0
  55               		.stabs	"_Sat unsigned _Accum:t(0,44)=r(0,1);4;0;",128,0,0,0
  56               		.stabs	"_Sat unsigned long _Accum:t(0,45)=r(0,1);8;0;",128,0,0,0
  57               		.stabs	"_Sat unsigned long long _Accum:t(0,46)=r(0,1);8;0;",128,0,0,0
GAS LISTING /tmp/ccf8kazU.s 			page 2


  58               		.stabs	"void:t(0,47)=(0,47)",128,0,0,0
  59               		.stabs	"./lib/inc/asuro.h",130,0,0,0
  60               		.stabs	"/usr/lib/avr/include/avr/io.h",130,0,0,0
  61               		.stabs	"/usr/lib/avr/include/avr/sfr_defs.h",130,0,0,0
  62               		.stabs	"/usr/lib/avr/include/inttypes.h",130,0,0,0
  63               		.stabs	"/usr/lib/gcc/avr/4.9.2/include/stdint.h",130,0,0,0
  64               		.stabs	"/usr/lib/avr/include/stdint.h",130,0,0,0
  65               		.stabs	"int8_t:t(6,1)=(0,10)",128,0,121,0
  66               		.stabs	"uint8_t:t(6,2)=(0,11)",128,0,122,0
  67               		.stabs	"int16_t:t(6,3)=(0,1)",128,0,123,0
  68               		.stabs	"uint16_t:t(6,4)=(0,4)",128,0,124,0
  69               		.stabs	"int32_t:t(6,5)=(0,3)",128,0,125,0
  70               		.stabs	"uint32_t:t(6,6)=(0,5)",128,0,126,0
  71               		.stabs	"int64_t:t(6,7)=(0,6)",128,0,128,0
  72               		.stabs	"uint64_t:t(6,8)=(0,7)",128,0,129,0
  73               		.stabs	"intptr_t:t(6,9)=(6,3)",128,0,142,0
  74               		.stabs	"uintptr_t:t(6,10)=(6,4)",128,0,147,0
  75               		.stabs	"int_least8_t:t(6,11)=(6,1)",128,0,159,0
  76               		.stabs	"uint_least8_t:t(6,12)=(6,2)",128,0,164,0
  77               		.stabs	"int_least16_t:t(6,13)=(6,3)",128,0,169,0
  78               		.stabs	"uint_least16_t:t(6,14)=(6,4)",128,0,174,0
  79               		.stabs	"int_least32_t:t(6,15)=(6,5)",128,0,179,0
  80               		.stabs	"uint_least32_t:t(6,16)=(6,6)",128,0,184,0
  81               		.stabs	"int_least64_t:t(6,17)=(6,7)",128,0,192,0
  82               		.stabs	"uint_least64_t:t(6,18)=(6,8)",128,0,199,0
  83               		.stabs	"int_fast8_t:t(6,19)=(6,1)",128,0,213,0
  84               		.stabs	"uint_fast8_t:t(6,20)=(6,2)",128,0,218,0
  85               		.stabs	"int_fast16_t:t(6,21)=(6,3)",128,0,223,0
  86               		.stabs	"uint_fast16_t:t(6,22)=(6,4)",128,0,228,0
  87               		.stabs	"int_fast32_t:t(6,23)=(6,5)",128,0,233,0
  88               		.stabs	"uint_fast32_t:t(6,24)=(6,6)",128,0,238,0
  89               		.stabs	"int_fast64_t:t(6,25)=(6,7)",128,0,246,0
  90               		.stabs	"uint_fast64_t:t(6,26)=(6,8)",128,0,253,0
  91               		.stabs	"intmax_t:t(6,27)=(6,7)",128,0,273,0
  92               		.stabs	"uintmax_t:t(6,28)=(6,8)",128,0,278,0
  93               		.stabn	162,0,0,0
  94               		.stabn	162,0,0,0
  95               		.stabs	"int_farptr_t:t(4,1)=(6,5)",128,0,77,0
  96               		.stabs	"uint_farptr_t:t(4,2)=(6,6)",128,0,81,0
  97               		.stabn	162,0,0,0
  98               		.stabn	162,0,0,0
  99               		.stabs	"/usr/lib/avr/include/avr/fuse.h",130,0,0,0
 100               		.stabs	"__fuse_t:t(7,1)=(7,2)=s2low:(0,11),0,8;high:(0,11),8,8;;",128,0,252,0
 101               		.stabn	162,0,0,0
 102               		.stabn	162,0,0,0
 103               		.stabs	"/usr/lib/avr/include/avr/pgmspace.h",130,0,0,0
 104               		.stabs	"/usr/lib/gcc/avr/4.9.2/include/stddef.h",130,0,0,0
 105               		.stabs	"size_t:t(9,1)=(0,4)",128,0,212,0
 106               		.stabn	162,0,0,0
 107               		.stabn	162,0,0,0
 108               		.stabs	"/usr/lib/avr/include/stdlib.h",130,0,0,0
 109               		.stabs	"/usr/lib/gcc/avr/4.9.2/include/stddef.h",130,0,0,0
 110               		.stabs	"wchar_t:t(11,1)=(0,1)",128,0,324,0
 111               		.stabn	162,0,0,0
 112               		.stabs	"div_t:t(10,1)=(10,2)=s4quot:(0,1),0,16;rem:(0,1),16,16;;",128,0,71,0
 113               		.stabs	"ldiv_t:t(10,3)=(10,4)=s8quot:(0,3),0,32;rem:(0,3),32,32;;",128,0,77,0
 114               		.stabs	"__compar_fn_t:t(10,5)=(10,6)=*(10,7)=f(0,1)",128,0,80,0
GAS LISTING /tmp/ccf8kazU.s 			page 3


 115               		.stabn	162,0,0,0
 116               		.stabs	"voidFuncPtr:t(1,1)=(1,2)=*(1,3)=f(0,47)",128,0,343,0
 117               		.stabn	162,0,0,0
 118               		.section	.text.StatusLED,"ax",@progbits
 119               		.stabs	"StatusLED:F(0,47)",36,0,68,StatusLED
 120               		.stabs	"color:P(0,11)",64,0,69,24
 121               	.global	StatusLED
 122               		.type	StatusLED, @function
 123               	StatusLED:
 124               		.stabd	46,0,0
   1:./lib/leds.c  **** /****************************************************************************/
   2:./lib/leds.c  **** /*!
   3:./lib/leds.c  ****   \file     leds.c
   4:./lib/leds.c  **** 
   5:./lib/leds.c  ****   \brief    Funktionen zur Steuerung der LED's.
   6:./lib/leds.c  **** 
   7:./lib/leds.c  ****   Die Port-Pin's zu den LED's werden so manipuliert, dass sie die daran\n
   8:./lib/leds.c  ****   angeschlossenen LED's mit Strom versorgen oder eben nicht. Dazu muessen die\n
   9:./lib/leds.c  ****   entsprechenden Ports als Ausgang konfiguriert sein. Dies erfolgt entweder\n
  10:./lib/leds.c  ****   schon in der Init()-Funktion, oder wird im Falle der BackLED()-Funktion\n
  11:./lib/leds.c  ****   dort vorgenommen.
  12:./lib/leds.c  **** 
  13:./lib/leds.c  ****   \see      Defines fuer die Auswahl der ADC-Kanaele in asuro.h\n
  14:./lib/leds.c  ****             ON, OFF, GREEN, YELLOW, RED
  15:./lib/leds.c  **** 
  16:./lib/leds.c  ****   \version  V--- - 10.11.2003 - Jan Grewe - DLR\n
  17:./lib/leds.c  ****             Original Version von der ASURO CD\n
  18:./lib/leds.c  ****   \version  V--- - bis zum 07.01.2007 - \n
  19:./lib/leds.c  ****             Bitte in Datei CHANGELOG nachsehen.\n
  20:./lib/leds.c  ****   \version  V001 - 13.01.2007 - m.a.r.v.i.n\n
  21:./lib/leds.c  ****             +++ Alle Funktionen\n
  22:./lib/leds.c  ****             Zerlegte Sourcen in einzelne Dateien fuer eine echte Library.
  23:./lib/leds.c  ****   \version  V002 - 05.02.2007 - Sternthaler\n
  24:./lib/leds.c  ****             +++ Alle Funktionen\n
  25:./lib/leds.c  ****             Kommentierte Version (KEINE Funktionsaenderung)
  26:./lib/leds.c  **** *****************************************************************************/
  27:./lib/leds.c  **** /*****************************************************************************
  28:./lib/leds.c  **** *                                                                            *
  29:./lib/leds.c  **** *   This program is free software; you can redistribute it and/or modify     *
  30:./lib/leds.c  **** *   it under the terms of the GNU General Public License as published by     *
  31:./lib/leds.c  **** *   the Free Software Foundation; either version 2 of the License, or        *
  32:./lib/leds.c  **** *   any later version.                                                       *
  33:./lib/leds.c  **** *                                                                            *
  34:./lib/leds.c  **** *****************************************************************************/
  35:./lib/leds.c  **** #include "asuro.h"
  36:./lib/leds.c  **** 
  37:./lib/leds.c  **** 
  38:./lib/leds.c  **** 
  39:./lib/leds.c  **** /****************************************************************************/
  40:./lib/leds.c  **** /*!
  41:./lib/leds.c  ****   \brief
  42:./lib/leds.c  ****   Steuert die (lustige) mehrfarbige Status-LED.
  43:./lib/leds.c  **** 
  44:./lib/leds.c  ****   \param[in]
  45:./lib/leds.c  ****   color Zu setzende Farbe. [ OFF | GREEN | RED | YELLOW ]
  46:./lib/leds.c  ****         Bei einem nicht definierten Wert von 'color' aendert sich nichts an
  47:./lib/leds.c  ****         der LED.
GAS LISTING /tmp/ccf8kazU.s 			page 4


  48:./lib/leds.c  **** 
  49:./lib/leds.c  ****   \return
  50:./lib/leds.c  ****   nichts
  51:./lib/leds.c  **** 
  52:./lib/leds.c  ****   \par  Hinweis:
  53:./lib/leds.c  ****   Diese Funktion ist als 'inline'-Funktion definiert.
  54:./lib/leds.c  **** 
  55:./lib/leds.c  ****   \par  Beispiel:
  56:./lib/leds.c  ****   (Nur zur Demonstration der Parameter/Returnwerte)
  57:./lib/leds.c  ****   \code
  58:./lib/leds.c  ****   // Schaltet die Status-LED abwechselnd auf gruen und rot. 
  59:./lib/leds.c  ****   while (1)
  60:./lib/leds.c  ****   { 
  61:./lib/leds.c  ****     StatusLED (GREEN);
  62:./lib/leds.c  ****     Msleep (500);
  63:./lib/leds.c  ****     StatusLED (RED);
  64:./lib/leds.c  ****     MSleep (500);
  65:./lib/leds.c  ****   }
  66:./lib/leds.c  ****   \endcode
  67:./lib/leds.c  **** *****************************************************************************/
  68:./lib/leds.c  **** void StatusLED (
  69:./lib/leds.c  ****   unsigned char color)
  70:./lib/leds.c  **** {
 125               		.stabn	68,0,70,.LM0-.LFBB1
 126               	.LM0:
 127               	.LFBB1:
 128               	/* prologue: function */
 129               	/* frame size = 0 */
 130               	/* stack size = 0 */
 131               	.L__stack_usage = 0
  71:./lib/leds.c  ****   if (color == OFF)
 132               		.stabn	68,0,71,.LM1-.LFBB1
 133               	.LM1:
 134 0000 8111      		cpse r24,__zero_reg__
 135 0002 00C0      		rjmp .L2
  72:./lib/leds.c  ****   {
  73:./lib/leds.c  ****     GREEN_LED_OFF;
 136               		.stabn	68,0,73,.LM2-.LFBB1
 137               	.LM2:
 138 0004 C098      		cbi 0x18,0
 139 0006 00C0      		rjmp .L6
 140               	.L2:
  74:./lib/leds.c  ****     RED_LED_OFF;
  75:./lib/leds.c  ****   }
  76:./lib/leds.c  ****   if (color == GREEN)
 141               		.stabn	68,0,76,.LM3-.LFBB1
 142               	.LM3:
 143 0008 8130      		cpi r24,lo8(1)
 144 000a 01F4      		brne .L4
  77:./lib/leds.c  ****   {
  78:./lib/leds.c  ****     GREEN_LED_ON;
 145               		.stabn	68,0,78,.LM4-.LFBB1
 146               	.LM4:
 147 000c C09A      		sbi 0x18,0
 148               	.L6:
  79:./lib/leds.c  ****     RED_LED_OFF;
 149               		.stabn	68,0,79,.LM5-.LFBB1
GAS LISTING /tmp/ccf8kazU.s 			page 5


 150               	.LM5:
 151 000e 9298      		cbi 0x12,2
 152 0010 0895      		ret
 153               	.L4:
  80:./lib/leds.c  ****   }
  81:./lib/leds.c  ****   if (color == YELLOW)
 154               		.stabn	68,0,81,.LM6-.LFBB1
 155               	.LM6:
 156 0012 8330      		cpi r24,lo8(3)
 157 0014 01F4      		brne .L5
  82:./lib/leds.c  ****   {
  83:./lib/leds.c  ****     GREEN_LED_ON;
 158               		.stabn	68,0,83,.LM7-.LFBB1
 159               	.LM7:
 160 0016 C09A      		sbi 0x18,0
 161 0018 00C0      		rjmp .L7
 162               	.L5:
  84:./lib/leds.c  ****     RED_LED_ON;
  85:./lib/leds.c  ****   }
  86:./lib/leds.c  ****   if (color == RED)
 163               		.stabn	68,0,86,.LM8-.LFBB1
 164               	.LM8:
 165 001a 8230      		cpi r24,lo8(2)
 166 001c 01F4      		brne .L1
  87:./lib/leds.c  ****   {
  88:./lib/leds.c  ****     GREEN_LED_OFF;
 167               		.stabn	68,0,88,.LM9-.LFBB1
 168               	.LM9:
 169 001e C098      		cbi 0x18,0
 170               	.L7:
  89:./lib/leds.c  ****     RED_LED_ON;
 171               		.stabn	68,0,89,.LM10-.LFBB1
 172               	.LM10:
 173 0020 929A      		sbi 0x12,2
 174               	.L1:
 175 0022 0895      		ret
 176               		.size	StatusLED, .-StatusLED
 177               	.Lscope1:
 178               		.stabs	"",36,0,0,.Lscope1-.LFBB1
 179               		.stabd	78,0,0
 180               		.section	.text.FrontLED,"ax",@progbits
 181               		.stabs	"FrontLED:F(0,47)",36,0,120,FrontLED
 182               		.stabs	"status:P(0,11)",64,0,121,24
 183               	.global	FrontLED
 184               		.type	FrontLED, @function
 185               	FrontLED:
 186               		.stabd	46,0,0
  90:./lib/leds.c  ****   }
  91:./lib/leds.c  **** }
  92:./lib/leds.c  **** 
  93:./lib/leds.c  **** 
  94:./lib/leds.c  **** 
  95:./lib/leds.c  **** /****************************************************************************/
  96:./lib/leds.c  **** /*!
  97:./lib/leds.c  ****   \brief
  98:./lib/leds.c  ****   Steuert die vorne, nach unten zeigende, Front-LED.
  99:./lib/leds.c  **** 
GAS LISTING /tmp/ccf8kazU.s 			page 6


 100:./lib/leds.c  ****   \param[in]
 101:./lib/leds.c  ****   status Schaltet die LED an bzw. aus. [ ON | OFF ]
 102:./lib/leds.c  **** 
 103:./lib/leds.c  ****   \return
 104:./lib/leds.c  ****   nichts
 105:./lib/leds.c  **** 
 106:./lib/leds.c  ****   \par  Hinweis:
 107:./lib/leds.c  ****   Diese Funktion ist als 'inline'-Funktion definiert.
 108:./lib/leds.c  **** 
 109:./lib/leds.c  ****   \par  Achtung:
 110:./lib/leds.c  ****   Der uebergeben Parameter wird nicht geprueft, und kann evl. zu unerwarteten\n
 111:./lib/leds.c  ****   Reaktionen fuehren, da der Port D anhand dieses Wertes manipuliert wird.
 112:./lib/leds.c  **** 
 113:./lib/leds.c  ****   \par  Beispiel:
 114:./lib/leds.c  ****   (Nur zur Demonstration der Parameter/Returnwerte)
 115:./lib/leds.c  ****   \code
 116:./lib/leds.c  ****   // schalte die Front-LED an.
 117:./lib/leds.c  ****   FrontLED (ON);
 118:./lib/leds.c  ****   \endcode
 119:./lib/leds.c  **** *****************************************************************************/
 120:./lib/leds.c  **** void FrontLED (
 121:./lib/leds.c  ****   unsigned char status)
 122:./lib/leds.c  **** {
 187               		.stabn	68,0,122,.LM11-.LFBB2
 188               	.LM11:
 189               	.LFBB2:
 190               	/* prologue: function */
 191               	/* frame size = 0 */
 192               	/* stack size = 0 */
 193               	.L__stack_usage = 0
 123:./lib/leds.c  ****   PORTD = (PORTD &~(1 << PD6)) | (status << PD6);
 194               		.stabn	68,0,123,.LM12-.LFBB2
 195               	.LM12:
 196 0000 22B3      		in r18,0x12
 197 0002 30E4      		ldi r19,lo8(64)
 198 0004 839F      		mul r24,r19
 199 0006 C001      		movw r24,r0
 200 0008 1124      		clr __zero_reg__
 201 000a 2F7B      		andi r18,lo8(-65)
 202 000c 822B      		or r24,r18
 203 000e 82BB      		out 0x12,r24
 204 0010 0895      		ret
 205               		.size	FrontLED, .-FrontLED
 206               	.Lscope2:
 207               		.stabs	"",36,0,0,.Lscope2-.LFBB2
 208               		.stabd	78,0,0
 209               		.section	.text.BackLED,"ax",@progbits
 210               		.stabs	"BackLED:F(0,47)",36,0,155,BackLED
 211               		.stabs	"left:P(0,11)",64,0,156,24
 212               		.stabs	"right:P(0,11)",64,0,157,22
 213               	.global	BackLED
 214               		.type	BackLED, @function
 215               	BackLED:
 216               		.stabd	46,0,0
 124:./lib/leds.c  **** }
 125:./lib/leds.c  **** 
 126:./lib/leds.c  **** 
GAS LISTING /tmp/ccf8kazU.s 			page 7


 127:./lib/leds.c  **** 
 128:./lib/leds.c  **** /****************************************************************************/
 129:./lib/leds.c  **** /*!
 130:./lib/leds.c  ****   \brief
 131:./lib/leds.c  ****   Steuert die beiden hinteren Back-LED's\n
 132:./lib/leds.c  ****   Wenn diese Funktion aufgerufen wird, funktioniert die Odometriemessung\n
 133:./lib/leds.c  ****   \b nicht mehr, da die gleichen Port-Pins (Port C:Pin 0 und 1) des Prozessors\n
 134:./lib/leds.c  ****   hierfuer verwendet werden.
 135:./lib/leds.c  **** 
 136:./lib/leds.c  ****   \param[in]
 137:./lib/leds.c  ****   left  Schaltet die linke LED an bzw. aus. [ ON | OFF ]
 138:./lib/leds.c  ****   \param[in]
 139:./lib/leds.c  ****   right Schaltet die rechte LED an bzw. aus. [ ON | OFF ]
 140:./lib/leds.c  **** 
 141:./lib/leds.c  ****   \return
 142:./lib/leds.c  ****   nichts
 143:./lib/leds.c  **** 
 144:./lib/leds.c  ****   \par  Hinweis:
 145:./lib/leds.c  ****   Obwohl die uebergebenen Parameter nicht geprueft werden, treten hier keine\n
 146:./lib/leds.c  ****   unerwarteten Reaktionen am Port C auf.\n
 147:./lib/leds.c  **** 
 148:./lib/leds.c  ****   \par  Beispiel:
 149:./lib/leds.c  ****   (Nur zur Demonstration der Parameter/Returnwerte)
 150:./lib/leds.c  ****   \code
 151:./lib/leds.c  ****   // Linke LED aus; Rechte LED an
 152:./lib/leds.c  ****   BackLED (OFF, ON);
 153:./lib/leds.c  ****   \endcode
 154:./lib/leds.c  **** *****************************************************************************/
 155:./lib/leds.c  **** void BackLED (
 156:./lib/leds.c  ****   unsigned char left,
 157:./lib/leds.c  ****   unsigned char right)
 158:./lib/leds.c  **** {
 217               		.stabn	68,0,158,.LM13-.LFBB3
 218               	.LM13:
 219               	.LFBB3:
 220               	/* prologue: function */
 221               	/* frame size = 0 */
 222               	/* stack size = 0 */
 223               	.L__stack_usage = 0
 159:./lib/leds.c  ****   if (left || right)
 224               		.stabn	68,0,159,.LM14-.LFBB3
 225               	.LM14:
 226 0000 8111      		cpse r24,__zero_reg__
 227 0002 00C0      		rjmp .L11
 228               		.stabn	68,0,159,.LM15-.LFBB3
 229               	.LM15:
 230 0004 6111      		cpse r22,__zero_reg__
 231 0006 00C0      		rjmp .L11
 232               	.L13:
 160:./lib/leds.c  ****   {
 161:./lib/leds.c  ****     PORTD &= ~(1 << PD7);               // Rad-LED's OFF
 162:./lib/leds.c  ****     DDRC |= (1 << PC0) | (1 << PC1);    // Port als Output => KEINE Odometrie
 163:./lib/leds.c  ****     PORTC |= (1 << PC0) | (1 << PC1);
 164:./lib/leds.c  ****   }
 165:./lib/leds.c  ****   if (!left)
 166:./lib/leds.c  ****     PORTC &= ~(1 << PC1);
 233               		.stabn	68,0,166,.LM16-.LFBB3
GAS LISTING /tmp/ccf8kazU.s 			page 8


 234               	.LM16:
 235 0008 A998      		cbi 0x15,1
 236 000a 00C0      		rjmp .L12
 237               	.L11:
 161:./lib/leds.c  ****     DDRC |= (1 << PC0) | (1 << PC1);    // Port als Output => KEINE Odometrie
 238               		.stabn	68,0,161,.LM17-.LFBB3
 239               	.LM17:
 240 000c 9798      		cbi 0x12,7
 162:./lib/leds.c  ****     PORTC |= (1 << PC0) | (1 << PC1);
 241               		.stabn	68,0,162,.LM18-.LFBB3
 242               	.LM18:
 243 000e 94B3      		in r25,0x14
 244 0010 9360      		ori r25,lo8(3)
 245 0012 94BB      		out 0x14,r25
 163:./lib/leds.c  ****   }
 246               		.stabn	68,0,163,.LM19-.LFBB3
 247               	.LM19:
 248 0014 95B3      		in r25,0x15
 249 0016 9360      		ori r25,lo8(3)
 250 0018 95BB      		out 0x15,r25
 165:./lib/leds.c  ****     PORTC &= ~(1 << PC1);
 251               		.stabn	68,0,165,.LM20-.LFBB3
 252               	.LM20:
 253 001a 8823      		tst r24
 254 001c 01F0      		breq .L13
 255               	.L12:
 167:./lib/leds.c  ****   if (!right)
 256               		.stabn	68,0,167,.LM21-.LFBB3
 257               	.LM21:
 258 001e 6111      		cpse r22,__zero_reg__
 259 0020 00C0      		rjmp .L10
 168:./lib/leds.c  ****     PORTC &= ~(1 << PC0);
 260               		.stabn	68,0,168,.LM22-.LFBB3
 261               	.LM22:
 262 0022 A898      		cbi 0x15,0
 263               	.L10:
 264 0024 0895      		ret
 265               		.size	BackLED, .-BackLED
 266               	.Lscope3:
 267               		.stabs	"",36,0,0,.Lscope3-.LFBB3
 268               		.stabd	78,0,0
 269               		.text
 270               		.stabs	"",100,0,0,.Letext0
 271               	.Letext0:
 272               		.ident	"GCC: (GNU) 4.9.2"
GAS LISTING /tmp/ccf8kazU.s 			page 9


DEFINED SYMBOLS
                            *ABS*:0000000000000000 leds.c
     /tmp/ccf8kazU.s:2      *ABS*:000000000000003e __SP_H__
     /tmp/ccf8kazU.s:3      *ABS*:000000000000003d __SP_L__
     /tmp/ccf8kazU.s:4      *ABS*:000000000000003f __SREG__
     /tmp/ccf8kazU.s:5      *ABS*:0000000000000000 __tmp_reg__
     /tmp/ccf8kazU.s:6      *ABS*:0000000000000001 __zero_reg__
     /tmp/ccf8kazU.s:123    .text.StatusLED:0000000000000000 StatusLED
     /tmp/ccf8kazU.s:185    .text.FrontLED:0000000000000000 FrontLED
     /tmp/ccf8kazU.s:215    .text.BackLED:0000000000000000 BackLED

NO UNDEFINED SYMBOLS
