GAS LISTING /tmp/ccb7dtn3.s 			page 1


   1               		.file	"print.c"
   2               	__SP_H__ = 0x3e
   3               	__SP_L__ = 0x3d
   4               	__SREG__ = 0x3f
   5               	__tmp_reg__ = 0
   6               	__zero_reg__ = 1
   7               		.stabs	"/home/ghost/Project/LineFollower/",100,0,2,.Ltext0
   8               		.stabs	"./lib/print.c",100,0,2,.Ltext0
   9               		.text
  10               	.Ltext0:
  11               		.stabs	"gcc2_compiled.",60,0,0,0
  12               		.stabs	"int:t(0,1)=r(0,1);-32768;32767;",128,0,0,0
  13               		.stabs	"char:t(0,2)=@s8;r(0,2);0;255;",128,0,0,0
  14               		.stabs	"long int:t(0,3)=@s32;r(0,3);020000000000;017777777777;",128,0,0,0
  15               		.stabs	"unsigned int:t(0,4)=r(0,4);0;0177777;",128,0,0,0
  16               		.stabs	"long unsigned int:t(0,5)=@s32;r(0,5);0;037777777777;",128,0,0,0
  17               		.stabs	"long long int:t(0,6)=@s64;r(0,6);01000000000000000000000;0777777777777777777777;",128,0,0,
  18               		.stabs	"long long unsigned int:t(0,7)=@s64;r(0,7);0;01777777777777777777777;",128,0,0,0
  19               		.stabs	"short int:t(0,8)=r(0,8);-32768;32767;",128,0,0,0
  20               		.stabs	"short unsigned int:t(0,9)=r(0,9);0;0177777;",128,0,0,0
  21               		.stabs	"signed char:t(0,10)=@s8;r(0,10);-128;127;",128,0,0,0
  22               		.stabs	"unsigned char:t(0,11)=@s8;r(0,11);0;255;",128,0,0,0
  23               		.stabs	"float:t(0,12)=r(0,1);4;0;",128,0,0,0
  24               		.stabs	"double:t(0,13)=r(0,1);4;0;",128,0,0,0
  25               		.stabs	"long double:t(0,14)=r(0,1);4;0;",128,0,0,0
  26               		.stabs	"short _Fract:t(0,15)=r(0,1);1;0;",128,0,0,0
  27               		.stabs	"_Fract:t(0,16)=r(0,1);2;0;",128,0,0,0
  28               		.stabs	"long _Fract:t(0,17)=r(0,1);4;0;",128,0,0,0
  29               		.stabs	"long long _Fract:t(0,18)=r(0,1);8;0;",128,0,0,0
  30               		.stabs	"unsigned short _Fract:t(0,19)=r(0,1);1;0;",128,0,0,0
  31               		.stabs	"unsigned _Fract:t(0,20)=r(0,1);2;0;",128,0,0,0
  32               		.stabs	"unsigned long _Fract:t(0,21)=r(0,1);4;0;",128,0,0,0
  33               		.stabs	"unsigned long long _Fract:t(0,22)=r(0,1);8;0;",128,0,0,0
  34               		.stabs	"_Sat short _Fract:t(0,23)=r(0,1);1;0;",128,0,0,0
  35               		.stabs	"_Sat _Fract:t(0,24)=r(0,1);2;0;",128,0,0,0
  36               		.stabs	"_Sat long _Fract:t(0,25)=r(0,1);4;0;",128,0,0,0
  37               		.stabs	"_Sat long long _Fract:t(0,26)=r(0,1);8;0;",128,0,0,0
  38               		.stabs	"_Sat unsigned short _Fract:t(0,27)=r(0,1);1;0;",128,0,0,0
  39               		.stabs	"_Sat unsigned _Fract:t(0,28)=r(0,1);2;0;",128,0,0,0
  40               		.stabs	"_Sat unsigned long _Fract:t(0,29)=r(0,1);4;0;",128,0,0,0
  41               		.stabs	"_Sat unsigned long long _Fract:t(0,30)=r(0,1);8;0;",128,0,0,0
  42               		.stabs	"short _Accum:t(0,31)=r(0,1);2;0;",128,0,0,0
  43               		.stabs	"_Accum:t(0,32)=r(0,1);4;0;",128,0,0,0
  44               		.stabs	"long _Accum:t(0,33)=r(0,1);8;0;",128,0,0,0
  45               		.stabs	"long long _Accum:t(0,34)=r(0,1);8;0;",128,0,0,0
  46               		.stabs	"unsigned short _Accum:t(0,35)=r(0,1);2;0;",128,0,0,0
  47               		.stabs	"unsigned _Accum:t(0,36)=r(0,1);4;0;",128,0,0,0
  48               		.stabs	"unsigned long _Accum:t(0,37)=r(0,1);8;0;",128,0,0,0
  49               		.stabs	"unsigned long long _Accum:t(0,38)=r(0,1);8;0;",128,0,0,0
  50               		.stabs	"_Sat short _Accum:t(0,39)=r(0,1);2;0;",128,0,0,0
  51               		.stabs	"_Sat _Accum:t(0,40)=r(0,1);4;0;",128,0,0,0
  52               		.stabs	"_Sat long _Accum:t(0,41)=r(0,1);8;0;",128,0,0,0
  53               		.stabs	"_Sat long long _Accum:t(0,42)=r(0,1);8;0;",128,0,0,0
  54               		.stabs	"_Sat unsigned short _Accum:t(0,43)=r(0,1);2;0;",128,0,0,0
  55               		.stabs	"_Sat unsigned _Accum:t(0,44)=r(0,1);4;0;",128,0,0,0
  56               		.stabs	"_Sat unsigned long _Accum:t(0,45)=r(0,1);8;0;",128,0,0,0
  57               		.stabs	"_Sat unsigned long long _Accum:t(0,46)=r(0,1);8;0;",128,0,0,0
GAS LISTING /tmp/ccb7dtn3.s 			page 2


  58               		.stabs	"void:t(0,47)=(0,47)",128,0,0,0
  59               		.stabs	"./lib/inc/asuro.h",130,0,0,0
  60               		.stabs	"/usr/lib/avr/include/avr/io.h",130,0,0,0
  61               		.stabs	"/usr/lib/avr/include/avr/sfr_defs.h",130,0,0,0
  62               		.stabs	"/usr/lib/avr/include/inttypes.h",130,0,0,0
  63               		.stabs	"/usr/lib/gcc/avr/4.9.2/include/stdint.h",130,0,0,0
  64               		.stabs	"/usr/lib/avr/include/stdint.h",130,0,0,0
  65               		.stabs	"int8_t:t(6,1)=(0,10)",128,0,121,0
  66               		.stabs	"uint8_t:t(6,2)=(0,11)",128,0,122,0
  67               		.stabs	"int16_t:t(6,3)=(0,1)",128,0,123,0
  68               		.stabs	"uint16_t:t(6,4)=(0,4)",128,0,124,0
  69               		.stabs	"int32_t:t(6,5)=(0,3)",128,0,125,0
  70               		.stabs	"uint32_t:t(6,6)=(0,5)",128,0,126,0
  71               		.stabs	"int64_t:t(6,7)=(0,6)",128,0,128,0
  72               		.stabs	"uint64_t:t(6,8)=(0,7)",128,0,129,0
  73               		.stabs	"intptr_t:t(6,9)=(6,3)",128,0,142,0
  74               		.stabs	"uintptr_t:t(6,10)=(6,4)",128,0,147,0
  75               		.stabs	"int_least8_t:t(6,11)=(6,1)",128,0,159,0
  76               		.stabs	"uint_least8_t:t(6,12)=(6,2)",128,0,164,0
  77               		.stabs	"int_least16_t:t(6,13)=(6,3)",128,0,169,0
  78               		.stabs	"uint_least16_t:t(6,14)=(6,4)",128,0,174,0
  79               		.stabs	"int_least32_t:t(6,15)=(6,5)",128,0,179,0
  80               		.stabs	"uint_least32_t:t(6,16)=(6,6)",128,0,184,0
  81               		.stabs	"int_least64_t:t(6,17)=(6,7)",128,0,192,0
  82               		.stabs	"uint_least64_t:t(6,18)=(6,8)",128,0,199,0
  83               		.stabs	"int_fast8_t:t(6,19)=(6,1)",128,0,213,0
  84               		.stabs	"uint_fast8_t:t(6,20)=(6,2)",128,0,218,0
  85               		.stabs	"int_fast16_t:t(6,21)=(6,3)",128,0,223,0
  86               		.stabs	"uint_fast16_t:t(6,22)=(6,4)",128,0,228,0
  87               		.stabs	"int_fast32_t:t(6,23)=(6,5)",128,0,233,0
  88               		.stabs	"uint_fast32_t:t(6,24)=(6,6)",128,0,238,0
  89               		.stabs	"int_fast64_t:t(6,25)=(6,7)",128,0,246,0
  90               		.stabs	"uint_fast64_t:t(6,26)=(6,8)",128,0,253,0
  91               		.stabs	"intmax_t:t(6,27)=(6,7)",128,0,273,0
  92               		.stabs	"uintmax_t:t(6,28)=(6,8)",128,0,278,0
  93               		.stabn	162,0,0,0
  94               		.stabn	162,0,0,0
  95               		.stabs	"int_farptr_t:t(4,1)=(6,5)",128,0,77,0
  96               		.stabs	"uint_farptr_t:t(4,2)=(6,6)",128,0,81,0
  97               		.stabn	162,0,0,0
  98               		.stabn	162,0,0,0
  99               		.stabs	"/usr/lib/avr/include/avr/fuse.h",130,0,0,0
 100               		.stabs	"__fuse_t:t(7,1)=(7,2)=s2low:(0,11),0,8;high:(0,11),8,8;;",128,0,252,0
 101               		.stabn	162,0,0,0
 102               		.stabn	162,0,0,0
 103               		.stabs	"/usr/lib/avr/include/avr/pgmspace.h",130,0,0,0
 104               		.stabs	"/usr/lib/gcc/avr/4.9.2/include/stddef.h",130,0,0,0
 105               		.stabs	"size_t:t(9,1)=(0,4)",128,0,212,0
 106               		.stabn	162,0,0,0
 107               		.stabn	162,0,0,0
 108               		.stabs	"/usr/lib/avr/include/stdlib.h",130,0,0,0
 109               		.stabs	"/usr/lib/gcc/avr/4.9.2/include/stddef.h",130,0,0,0
 110               		.stabs	"wchar_t:t(11,1)=(0,1)",128,0,324,0
 111               		.stabn	162,0,0,0
 112               		.stabs	"div_t:t(10,1)=(10,2)=s4quot:(0,1),0,16;rem:(0,1),16,16;;",128,0,71,0
 113               		.stabs	"ldiv_t:t(10,3)=(10,4)=s8quot:(0,3),0,32;rem:(0,3),32,32;;",128,0,77,0
 114               		.stabs	"__compar_fn_t:t(10,5)=(10,6)=*(10,7)=f(0,1)",128,0,80,0
GAS LISTING /tmp/ccb7dtn3.s 			page 3


 115               		.stabn	162,0,0,0
 116               		.stabs	"voidFuncPtr:t(1,1)=(1,2)=*(1,3)=f(0,47)",128,0,343,0
 117               		.stabn	162,0,0,0
 118               		.section	.text.UartPutc,"ax",@progbits
 119               		.stabs	"UartPutc:F(0,47)",36,0,179,UartPutc
 120               		.stabs	"zeichen:P(0,11)",64,0,180,24
 121               	.global	UartPutc
 122               		.type	UartPutc, @function
 123               	UartPutc:
 124               		.stabd	46,0,0
   1:./lib/print.c **** /****************************************************************************/
   2:./lib/print.c **** /*!
   3:./lib/print.c ****   \file print.c
   4:./lib/print.c **** 
   5:./lib/print.c ****   \brief
   6:./lib/print.c ****   Print Ausgabe Funktionen
   7:./lib/print.c **** 
   8:./lib/print.c ****   Die Ausgabe der Zeichen erfolgt ueber die IR LED an der seriellen Schnittstelle.\n
   9:./lib/print.c ****   Ueber den IR Transceiver koennen die Zeichen empfangen und in einem Terminalprogramm\n
  10:./lib/print.c ****   vom PC dargestellt werden.\n
  11:./lib/print.c ****   Dazu muss bei den Einstellungen des Terminalprogramms die COM Schnittstelle\n 
  12:./lib/print.c ****   ausgewaehlt werden, an der der IR Transceiver haengt.\n 
  13:./lib/print.c ****   Die weiteren Schnittstellenparameter sind:\n 
  14:./lib/print.c ****   2400 Baud, 8 Databits, no parity, 1 Stopbit, Hardware Handshake none\n
  15:./lib/print.c ****   
  16:./lib/print.c ****   \par Hinweis:
  17:./lib/print.c ****   Wer den USB IR Transceiver mit einem Terminalprogramm benutzen will,\n
  18:./lib/print.c ****   muss dazu die aktuellen USB Treiber von der FTDI Homepage verwenden.\n
  19:./lib/print.c ****   Diese CDM Treiber enthalten sowohl die VCP Treiber,\n
  20:./lib/print.c ****   die das Terminalprogramm verwendet, als auch die D2XX Treiber,\n
  21:./lib/print.c ****   die das Flasher Tool verwendet.\n
  22:./lib/print.c ****   Zu finden sind die Treiber unter http://www.ftdichip.com/FTDrivers.htm .
  23:./lib/print.c **** 
  24:./lib/print.c ****   \version  V--- - 10.11.2003 - Jan Grewe - DLR\n
  25:./lib/print.c ****             Original Version von der ASURO CD\n
  26:./lib/print.c ****   \version  V--- - bis zum 07.01.2007 - \n
  27:./lib/print.c ****             Bitte in Datei CHANGELOG nachsehen.\n
  28:./lib/print.c ****   \version  V001 - 13.01.2007 - m.a.r.v.i.n\n
  29:./lib/print.c ****             +++ Alle Funktionen\n
  30:./lib/print.c ****             Zerlegte Sourcen in einzelne Dateien fuer eine echte Library.
  31:./lib/print.c ****   \version  V002 - 09.02.2007 - m.a.r.v.i.n\n
  32:./lib/print.c ****             +++ PrintLong ()  NEU\n
  33:./lib/print.c ****             Ausgabe eines Long Wertes als String ueber die serielle
  34:./lib/print.c ****             Schnittstelle.\n
  35:./lib/print.c ****             +++ Alle Funktionen\n
  36:./lib/print.c ****             Kommentierte Version\n
  37:./lib/print.c ****   \version  V003 - 14.02.2007 - Sternthaler\n
  38:./lib/print.c ****             +++ Alle Funktionen\n
  39:./lib/print.c ****             Kommentare einheitlicher zu den anderen Sourcen.\n
  40:./lib/print.c ****   \version  V004 - 25.07.2007 - Sternthaler (Gemeldet von helmut_w)\n
  41:./lib/print.c ****             +++ UartPutc ()\n
  42:./lib/print.c ****             Abschalten des Senders nach der Datenuebertragung zum sparen
  43:./lib/print.c ****             von Energie.
  44:./lib/print.c ****   \version  V005 - 18.08.2007 - marvin\n
  45:./lib/print.c ****             +++ SerPrint ()\n
  46:./lib/print.c ****             signed char als Parameter wg. Compilerwarnungen
  47:./lib/print.c ****   \version  V006 - 27.01.2008 - marvin\n
GAS LISTING /tmp/ccb7dtn3.s 			page 4


  48:./lib/print.c ****             neue Funktion SerPrint_p\n
  49:./lib/print.c ****             zur Ausgabe von Strings aus dem Programmspeicher
  50:./lib/print.c **** *****************************************************************************/
  51:./lib/print.c **** /*****************************************************************************
  52:./lib/print.c **** *                                                                            *
  53:./lib/print.c **** *   This program is free software; you can redistribute it and/or modify     *
  54:./lib/print.c **** *   it under the terms of the GNU General Public License as published by     *
  55:./lib/print.c **** *   the Free Software Foundation; either version 2 of the License, or        *
  56:./lib/print.c **** *   any later version.                                                       *
  57:./lib/print.c **** *                                                                            *
  58:./lib/print.c **** *****************************************************************************/
  59:./lib/print.c **** #include "asuro.h"
  60:./lib/print.c **** 
  61:./lib/print.c **** 
  62:./lib/print.c **** 
  63:./lib/print.c **** /****************************************************************************/
  64:./lib/print.c **** /*!
  65:./lib/print.c ****   \brief
  66:./lib/print.c ****   Ausgabe eines Integer Wertes als String ueber die serielle Schnittstelle.
  67:./lib/print.c **** 
  68:./lib/print.c ****   \param[in]
  69:./lib/print.c ****   wert Auszugebender Integer Wert (16Bit)
  70:./lib/print.c **** 
  71:./lib/print.c ****   \author   Robotrixer, marvin
  72:./lib/print.c **** 
  73:./lib/print.c ****   \version  beta - 31.03.2005 - Robotrixer\n
  74:./lib/print.c ****             first implementation
  75:./lib/print.c ****   \version  2.60 - 28.09.2005 - m.a.r.v.i.n\n
  76:./lib/print.c ****             strlen verwenden, anstelle fester Laenge
  77:./lib/print.c ****   \version  2.61 - 20.11.2006 - m.a.r.v.i.n\n
  78:./lib/print.c ****             Initialisierung text String kann zu Fehler\n
  79:./lib/print.c ****             beim Flashen mit RS232/IR Adapter fuehren\n
  80:./lib/print.c ****             (Bug report von francesco)
  81:./lib/print.c ****   \version  2.70b- 07.01.2007 - m.a.r.v.i.n\n
  82:./lib/print.c ****             SerPrint Funktion anstelle SerWrite verwenden
  83:./lib/print.c ****   \version  2.70rc2- 09.02.2007 - m.a.r.v.i.n\n
  84:./lib/print.c ****             Text Laenge auf 7 erhoeht, fuer Ausgabe negativer Werte
  85:./lib/print.c ****             (Bug Report von HermannSW)
  86:./lib/print.c **** 
  87:./lib/print.c ****   \par  Beispiel:
  88:./lib/print.c ****   (Nur zur Demonstration der Parameter/Returnwerte)
  89:./lib/print.c ****   \code
  90:./lib/print.c ****   // Beispiel fuer zeilenweise Ausgabe der Encoder Werte
  91:./lib/print.c ****   EncoderInit();
  92:./lib/print.c ****   While(1)
  93:./lib/print.c ****   {
  94:./lib/print.c ****     PrintInt (encoder [0]);
  95:./lib/print.c ****     SerPrint ("   ");
  96:./lib/print.c ****     PrintInt (encoder [1]);
  97:./lib/print.c ****     SerPrint ("\n\r");
  98:./lib/print.c ****     MSleep (500); //0,5sek. warten
  99:./lib/print.c ****   }
 100:./lib/print.c ****   \endcode
 101:./lib/print.c **** *****************************************************************************/
 102:./lib/print.c **** void PrintInt (
 103:./lib/print.c ****   int wert)
 104:./lib/print.c **** {
GAS LISTING /tmp/ccb7dtn3.s 			page 5


 105:./lib/print.c ****   char text [7];                        // "-12345"
 106:./lib/print.c **** 
 107:./lib/print.c ****   itoa (wert, text, 10);
 108:./lib/print.c ****   SerPrint (text);
 109:./lib/print.c **** }
 110:./lib/print.c **** 
 111:./lib/print.c **** 
 112:./lib/print.c **** 
 113:./lib/print.c **** /****************************************************************************/
 114:./lib/print.c **** /*!
 115:./lib/print.c ****   \brief
 116:./lib/print.c ****   Ausgabe eines Long Wertes als String ueber die serielle Schnittstelle.
 117:./lib/print.c **** 
 118:./lib/print.c ****   \param[in]
 119:./lib/print.c ****   wert Auszugebender Long Wert (32Bit)
 120:./lib/print.c **** 
 121:./lib/print.c ****   \author HermannSW, marvin
 122:./lib/print.c **** 
 123:./lib/print.c ****   \version  2.70rc2 - 09.02.2007    m.a.r.v.i.n\n
 124:./lib/print.c ****             first implementation
 125:./lib/print.c ****             (Idee von HermannSW)
 126:./lib/print.c **** 
 127:./lib/print.c ****   \par  Beispiel:
 128:./lib/print.c ****   (Nur zur Demonstration der Parameter/Returnwerte)
 129:./lib/print.c ****   \code
 130:./lib/print.c ****   // Beispiel fuer Ausgabe der Batterie Werte
 131:./lib/print.c ****   long data;
 132:./lib/print.c ****   While(1)
 133:./lib/print.c ****   {
 134:./lib/print.c ****     data = Batterie ();
 135:./lib/print.c ****     PrintLong (data);
 136:./lib/print.c ****     SerPrint ("\n\r");
 137:./lib/print.c ****     MSleep (500); //0,5sek. warten
 138:./lib/print.c ****   }
 139:./lib/print.c ****   \endcode
 140:./lib/print.c **** *****************************************************************************/
 141:./lib/print.c **** void PrintLong (
 142:./lib/print.c ****   long wert)
 143:./lib/print.c **** {
 144:./lib/print.c ****   char text [12];                       // '-'1234567891'\0'
 145:./lib/print.c **** 
 146:./lib/print.c ****   ltoa (wert, text, 10);
 147:./lib/print.c ****   SerPrint (text);
 148:./lib/print.c **** }
 149:./lib/print.c **** 
 150:./lib/print.c **** 
 151:./lib/print.c **** 
 152:./lib/print.c **** /****************************************************************************/
 153:./lib/print.c **** /*!
 154:./lib/print.c ****   \brief
 155:./lib/print.c ****   Sendet einen einzelnen Character über die serielle Schnittstelle
 156:./lib/print.c **** 
 157:./lib/print.c ****   \param[in]
 158:./lib/print.c ****   zeichen auszugebendes Zeichen
 159:./lib/print.c **** 
 160:./lib/print.c ****   \author   stochri
 161:./lib/print.c **** 
GAS LISTING /tmp/ccb7dtn3.s 			page 6


 162:./lib/print.c ****   \version  sto1 - 07.01.2006   stochri\n
 163:./lib/print.c ****             first implementation
 164:./lib/print.c ****   \version  V004 - 25.07.2007 - Sternthaler (Gemeldet von helmut_w)\n
 165:./lib/print.c ****             Abschalten des Senders nach der Datenuebertragung zum sparen
 166:./lib/print.c ****             von Energie.
 167:./lib/print.c **** 
 168:./lib/print.c ****   \par  Beispiel:
 169:./lib/print.c ****   (Nur zur Demonstration der Parameter/Returnwerte)
 170:./lib/print.c ****   \code
 171:./lib/print.c ****   // 'wunderbaren' Text als einzelne Zeichen senden.
 172:./lib/print.c ****   UartPutc ('H');
 173:./lib/print.c ****   UartPutc ('e');
 174:./lib/print.c ****   UartPutc ('l');
 175:./lib/print.c ****   UartPutc ('l');
 176:./lib/print.c ****   UartPutc ('o');
 177:./lib/print.c ****   \endcode
 178:./lib/print.c **** *****************************************************************************/
 179:./lib/print.c **** void UartPutc (
 180:./lib/print.c ****   unsigned char zeichen)
 181:./lib/print.c **** {
 125               		.stabn	68,0,181,.LM0-.LFBB1
 126               	.LM0:
 127               	.LFBB1:
 128               	/* prologue: function */
 129               	/* frame size = 0 */
 130               	/* stack size = 0 */
 131               	.L__stack_usage = 0
 182:./lib/print.c ****   UCSRB  = 0x08;                        // enable transmitter
 132               		.stabn	68,0,182,.LM1-.LFBB1
 133               	.LM1:
 134 0000 98E0      		ldi r25,lo8(8)
 135 0002 9AB9      		out 0xa,r25
 183:./lib/print.c ****   UCSRA |= 0x40;                        // clear transmitter flag
 136               		.stabn	68,0,183,.LM2-.LFBB1
 137               	.LM2:
 138 0004 5E9A      		sbi 0xb,6
 139               	.L2:
 184:./lib/print.c ****   while (!(UCSRA & 0x20))               // wait for empty transmit buffer
 140               		.stabn	68,0,184,.LM3-.LFBB1
 141               	.LM3:
 142 0006 5D9B      		sbis 0xb,5
 143 0008 00C0      		rjmp .L2
 185:./lib/print.c ****     ;
 186:./lib/print.c ****   UDR = zeichen;
 144               		.stabn	68,0,186,.LM4-.LFBB1
 145               	.LM4:
 146 000a 8CB9      		out 0xc,r24
 147               	.L3:
 187:./lib/print.c ****   while (!(UCSRA & 0x40))               // Wait for transmit complete flag (TXC)
 148               		.stabn	68,0,187,.LM5-.LFBB1
 149               	.LM5:
 150 000c 5E9B      		sbis 0xb,6
 151 000e 00C0      		rjmp .L3
 188:./lib/print.c ****     ;
 189:./lib/print.c ****   UCSRB  = 0x00;                        // disable transmitter / powersave
 152               		.stabn	68,0,189,.LM6-.LFBB1
 153               	.LM6:
GAS LISTING /tmp/ccb7dtn3.s 			page 7


 154 0010 1AB8      		out 0xa,__zero_reg__
 155 0012 0895      		ret
 156               		.size	UartPutc, .-UartPutc
 157               	.Lscope1:
 158               		.stabs	"",36,0,0,.Lscope1-.LFBB1
 159               		.stabd	78,0,0
 160               		.section	.text.SerPrint,"ax",@progbits
 161               		.stabs	"SerPrint:F(0,47)",36,0,224,SerPrint
 162               		.stabs	"data:P(0,48)=*(0,2)",64,0,225,16
 163               	.global	SerPrint
 164               		.type	SerPrint, @function
 165               	SerPrint:
 166               		.stabd	46,0,0
 190:./lib/print.c **** }
 191:./lib/print.c **** 
 192:./lib/print.c **** 
 193:./lib/print.c **** 
 194:./lib/print.c **** /****************************************************************************/
 195:./lib/print.c **** /*!
 196:./lib/print.c ****   \brief
 197:./lib/print.c ****   Sendet einen null-terminierten String ueber die serielle Schnittstelle.
 198:./lib/print.c ****   Im Gegensatz zur SerWrite Funktion wird bei dieser Funktion kein Parameter
 199:./lib/print.c ****   mit der Anzahl der zu sendenden Zeichne benötigt. Es wird einfach bis zum
 200:./lib/print.c ****   Stringende (0-Character) gesendet.
 201:./lib/print.c **** 
 202:./lib/print.c ****   Zum Senden von Rohdaten (keine ASCII Zeichen) sollte sattdessen die Funktion
 203:./lib/print.c ****   SerWrite verwendet werden.
 204:./lib/print.c **** 
 205:./lib/print.c ****   \param[in]
 206:./lib/print.c ****   data null-terminierter String
 207:./lib/print.c **** 
 208:./lib/print.c ****   \see SerWrite
 209:./lib/print.c **** 
 210:./lib/print.c ****   \author   stochri
 211:./lib/print.c **** 
 212:./lib/print.c ****   \version  sto1 - 07.01.2007 - stochri\n
 213:./lib/print.c ****             first implementation
 214:./lib/print.c ****   \version  V005 - 18.08.2007 - marvin\n
 215:./lib/print.c ****             signed char als Parameter wg. Compilerwarnungen
 216:./lib/print.c **** 
 217:./lib/print.c ****   \par  Beispiel:
 218:./lib/print.c ****   (Nur zur Demonstration der Parameter/Returnwerte)
 219:./lib/print.c ****   \code
 220:./lib/print.c ****   // Beispiel fuer SerPrint
 221:./lib/print.c ****   SerPrint ("Hallo ASURO!\r\n");
 222:./lib/print.c ****   \endcode
 223:./lib/print.c **** *****************************************************************************/
 224:./lib/print.c **** void SerPrint (
 225:./lib/print.c ****   char *data)
 226:./lib/print.c **** {
 167               		.stabn	68,0,226,.LM7-.LFBB2
 168               	.LM7:
 169               	.LFBB2:
 170 0000 0F93      		push r16
 171 0002 1F93      		push r17
 172 0004 CF93      		push r28
 173               	/* prologue: function */
GAS LISTING /tmp/ccb7dtn3.s 			page 8


 174               	/* frame size = 0 */
 175               	/* stack size = 3 */
 176               	.L__stack_usage = 3
 177 0006 8C01      		movw r16,r24
 227:./lib/print.c ****   unsigned char i = 0;
 178               		.stabn	68,0,227,.LM8-.LFBB2
 179               	.LM8:
 180 0008 C0E0      		ldi r28,0
 181               	.L10:
 228:./lib/print.c **** 
 229:./lib/print.c ****   while (data [i] != 0x00)
 182               		.stabn	68,0,229,.LM9-.LFBB2
 183               	.LM9:
 184 000a F801      		movw r30,r16
 185 000c EC0F      		add r30,r28
 186 000e F11D      		adc r31,__zero_reg__
 187 0010 8081      		ld r24,Z
 188 0012 8823      		tst r24
 189 0014 01F0      		breq .L12
 230:./lib/print.c ****     UartPutc (data [i++]);
 190               		.stabn	68,0,230,.LM10-.LFBB2
 191               	.LM10:
 192 0016 CF5F      		subi r28,lo8(-(1))
 193 0018 00D0      		rcall UartPutc
 194 001a 00C0      		rjmp .L10
 195               	.L12:
 196               	/* epilogue start */
 231:./lib/print.c **** }
 197               		.stabn	68,0,231,.LM11-.LFBB2
 198               	.LM11:
 199 001c CF91      		pop r28
 200 001e 1F91      		pop r17
 201 0020 0F91      		pop r16
 202 0022 0895      		ret
 203               		.size	SerPrint, .-SerPrint
 204               		.stabs	"i:r(0,11)",64,0,227,28
 205               		.stabn	192,0,0,.LFBB2-.LFBB2
 206               		.stabn	224,0,0,.Lscope2-.LFBB2
 207               	.Lscope2:
 208               		.stabs	"",36,0,0,.Lscope2-.LFBB2
 209               		.stabd	78,0,0
 210               		.section	.text.PrintInt,"ax",@progbits
 211               		.stabs	"PrintInt:F(0,47)",36,0,102,PrintInt
 212               		.stabs	"wert:P(0,1)",64,0,103,24
 213               	.global	PrintInt
 214               		.type	PrintInt, @function
 215               	PrintInt:
 216               		.stabd	46,0,0
 104:./lib/print.c ****   char text [7];                        // "-12345"
 217               		.stabn	68,0,104,.LM12-.LFBB3
 218               	.LM12:
 219               	.LFBB3:
 220 0000 CF93      		push r28
 221 0002 DF93      		push r29
 222 0004 CDB7      		in r28,__SP_L__
 223 0006 DEB7      		in r29,__SP_H__
 224 0008 2797      		sbiw r28,7
GAS LISTING /tmp/ccb7dtn3.s 			page 9


 225 000a 0FB6      		in __tmp_reg__,__SREG__
 226 000c F894      		cli
 227 000e DEBF      		out __SP_H__,r29
 228 0010 0FBE      		out __SREG__,__tmp_reg__
 229 0012 CDBF      		out __SP_L__,r28
 230               	/* prologue: function */
 231               	/* frame size = 7 */
 232               	/* stack size = 9 */
 233               	.L__stack_usage = 9
 234               	.LBB10:
 235               	.LBB11:
 236               		.stabs	"/usr/lib/avr/include/stdlib.h",132,0,0,.Ltext1
 237               	.Ltext1:
   1:/usr/lib/avr/include/stdlib.h **** /* Copyright (c) 2002, Marek Michalkiewicz
   2:/usr/lib/avr/include/stdlib.h ****    Copyright (c) 2004,2007 Joerg Wunsch
   3:/usr/lib/avr/include/stdlib.h **** 
   4:/usr/lib/avr/include/stdlib.h ****    Portions of documentation Copyright (c) 1990, 1991, 1993, 1994
   5:/usr/lib/avr/include/stdlib.h ****    The Regents of the University of California.
   6:/usr/lib/avr/include/stdlib.h **** 
   7:/usr/lib/avr/include/stdlib.h ****    All rights reserved.
   8:/usr/lib/avr/include/stdlib.h **** 
   9:/usr/lib/avr/include/stdlib.h ****    Redistribution and use in source and binary forms, with or without
  10:/usr/lib/avr/include/stdlib.h ****    modification, are permitted provided that the following conditions are met:
  11:/usr/lib/avr/include/stdlib.h **** 
  12:/usr/lib/avr/include/stdlib.h ****    * Redistributions of source code must retain the above copyright
  13:/usr/lib/avr/include/stdlib.h ****      notice, this list of conditions and the following disclaimer.
  14:/usr/lib/avr/include/stdlib.h **** 
  15:/usr/lib/avr/include/stdlib.h ****    * Redistributions in binary form must reproduce the above copyright
  16:/usr/lib/avr/include/stdlib.h ****      notice, this list of conditions and the following disclaimer in
  17:/usr/lib/avr/include/stdlib.h ****      the documentation and/or other materials provided with the
  18:/usr/lib/avr/include/stdlib.h ****      distribution.
  19:/usr/lib/avr/include/stdlib.h **** 
  20:/usr/lib/avr/include/stdlib.h ****    * Neither the name of the copyright holders nor the names of
  21:/usr/lib/avr/include/stdlib.h ****      contributors may be used to endorse or promote products derived
  22:/usr/lib/avr/include/stdlib.h ****      from this software without specific prior written permission.
  23:/usr/lib/avr/include/stdlib.h **** 
  24:/usr/lib/avr/include/stdlib.h ****   THIS SOFTWARE IS PROVIDED BY THE COPYRIGHT HOLDERS AND CONTRIBUTORS "AS IS"
  25:/usr/lib/avr/include/stdlib.h ****   AND ANY EXPRESS OR IMPLIED WARRANTIES, INCLUDING, BUT NOT LIMITED TO, THE
  26:/usr/lib/avr/include/stdlib.h ****   IMPLIED WARRANTIES OF MERCHANTABILITY AND FITNESS FOR A PARTICULAR PURPOSE
  27:/usr/lib/avr/include/stdlib.h ****   ARE DISCLAIMED. IN NO EVENT SHALL THE COPYRIGHT OWNER OR CONTRIBUTORS BE
  28:/usr/lib/avr/include/stdlib.h ****   LIABLE FOR ANY DIRECT, INDIRECT, INCIDENTAL, SPECIAL, EXEMPLARY, OR
  29:/usr/lib/avr/include/stdlib.h ****   CONSEQUENTIAL DAMAGES (INCLUDING, BUT NOT LIMITED TO, PROCUREMENT OF
  30:/usr/lib/avr/include/stdlib.h ****   SUBSTITUTE GOODS OR SERVICES; LOSS OF USE, DATA, OR PROFITS; OR BUSINESS
  31:/usr/lib/avr/include/stdlib.h ****   INTERRUPTION) HOWEVER CAUSED AND ON ANY THEORY OF LIABILITY, WHETHER IN
  32:/usr/lib/avr/include/stdlib.h ****   CONTRACT, STRICT LIABILITY, OR TORT (INCLUDING NEGLIGENCE OR OTHERWISE)
  33:/usr/lib/avr/include/stdlib.h ****   ARISING IN ANY WAY OUT OF THE USE OF THIS SOFTWARE, EVEN IF ADVISED OF THE
  34:/usr/lib/avr/include/stdlib.h ****   POSSIBILITY OF SUCH DAMAGE.
  35:/usr/lib/avr/include/stdlib.h **** 
  36:/usr/lib/avr/include/stdlib.h ****   $Id$
  37:/usr/lib/avr/include/stdlib.h **** */
  38:/usr/lib/avr/include/stdlib.h **** 
  39:/usr/lib/avr/include/stdlib.h **** #ifndef _STDLIB_H_
  40:/usr/lib/avr/include/stdlib.h **** #define	_STDLIB_H_ 1
  41:/usr/lib/avr/include/stdlib.h **** 
  42:/usr/lib/avr/include/stdlib.h **** #ifndef __ASSEMBLER__
  43:/usr/lib/avr/include/stdlib.h **** 
  44:/usr/lib/avr/include/stdlib.h **** #define __need_NULL
GAS LISTING /tmp/ccb7dtn3.s 			page 10


  45:/usr/lib/avr/include/stdlib.h **** #define __need_size_t
  46:/usr/lib/avr/include/stdlib.h **** #define __need_wchar_t
  47:/usr/lib/avr/include/stdlib.h **** #include <stddef.h>
  48:/usr/lib/avr/include/stdlib.h **** 
  49:/usr/lib/avr/include/stdlib.h **** #ifndef __ptr_t
  50:/usr/lib/avr/include/stdlib.h **** #define __ptr_t void *
  51:/usr/lib/avr/include/stdlib.h **** #endif
  52:/usr/lib/avr/include/stdlib.h **** 
  53:/usr/lib/avr/include/stdlib.h **** #ifdef __cplusplus
  54:/usr/lib/avr/include/stdlib.h **** extern "C" {
  55:/usr/lib/avr/include/stdlib.h **** #endif
  56:/usr/lib/avr/include/stdlib.h **** 
  57:/usr/lib/avr/include/stdlib.h **** /** \file */
  58:/usr/lib/avr/include/stdlib.h **** 
  59:/usr/lib/avr/include/stdlib.h **** /** \defgroup avr_stdlib <stdlib.h>: General utilities
  60:/usr/lib/avr/include/stdlib.h ****     \code #include <stdlib.h> \endcode
  61:/usr/lib/avr/include/stdlib.h **** 
  62:/usr/lib/avr/include/stdlib.h ****     This file declares some basic C macros and functions as
  63:/usr/lib/avr/include/stdlib.h ****     defined by the ISO standard, plus some AVR-specific extensions.
  64:/usr/lib/avr/include/stdlib.h **** */
  65:/usr/lib/avr/include/stdlib.h **** 
  66:/usr/lib/avr/include/stdlib.h **** /*@{*/
  67:/usr/lib/avr/include/stdlib.h **** /** Result type for function div(). */
  68:/usr/lib/avr/include/stdlib.h **** typedef struct {
  69:/usr/lib/avr/include/stdlib.h **** 	int quot;                   /**< The Quotient. */
  70:/usr/lib/avr/include/stdlib.h **** 	int rem;                    /**< The Remainder. */
  71:/usr/lib/avr/include/stdlib.h **** } div_t;
  72:/usr/lib/avr/include/stdlib.h **** 
  73:/usr/lib/avr/include/stdlib.h **** /** Result type for function ldiv(). */
  74:/usr/lib/avr/include/stdlib.h **** typedef struct {
  75:/usr/lib/avr/include/stdlib.h **** 	long quot;                  /**< The Quotient. */
  76:/usr/lib/avr/include/stdlib.h **** 	long rem;                   /**< The Remainder. */
  77:/usr/lib/avr/include/stdlib.h **** } ldiv_t;
  78:/usr/lib/avr/include/stdlib.h **** 
  79:/usr/lib/avr/include/stdlib.h **** /** Comparision function type for qsort(), just for convenience. */
  80:/usr/lib/avr/include/stdlib.h **** typedef int (*__compar_fn_t)(const void *, const void *);
  81:/usr/lib/avr/include/stdlib.h **** 
  82:/usr/lib/avr/include/stdlib.h **** #ifndef __DOXYGEN__
  83:/usr/lib/avr/include/stdlib.h **** 
  84:/usr/lib/avr/include/stdlib.h **** #ifndef __ATTR_CONST__
  85:/usr/lib/avr/include/stdlib.h **** # define __ATTR_CONST__ __attribute__((__const__))
  86:/usr/lib/avr/include/stdlib.h **** #endif
  87:/usr/lib/avr/include/stdlib.h **** 
  88:/usr/lib/avr/include/stdlib.h **** #ifndef __ATTR_MALLOC__
  89:/usr/lib/avr/include/stdlib.h **** # define __ATTR_MALLOC__ __attribute__((__malloc__))
  90:/usr/lib/avr/include/stdlib.h **** #endif
  91:/usr/lib/avr/include/stdlib.h **** 
  92:/usr/lib/avr/include/stdlib.h **** #ifndef __ATTR_NORETURN__
  93:/usr/lib/avr/include/stdlib.h **** # define __ATTR_NORETURN__ __attribute__((__noreturn__))
  94:/usr/lib/avr/include/stdlib.h **** #endif
  95:/usr/lib/avr/include/stdlib.h **** 
  96:/usr/lib/avr/include/stdlib.h **** #ifndef __ATTR_PURE__
  97:/usr/lib/avr/include/stdlib.h **** # define __ATTR_PURE__ __attribute__((__pure__))
  98:/usr/lib/avr/include/stdlib.h **** #endif
  99:/usr/lib/avr/include/stdlib.h **** 
 100:/usr/lib/avr/include/stdlib.h **** #ifndef	__ATTR_GNU_INLINE__
 101:/usr/lib/avr/include/stdlib.h **** # ifdef  __GNUC_STDC_INLINE__
GAS LISTING /tmp/ccb7dtn3.s 			page 11


 102:/usr/lib/avr/include/stdlib.h **** #  define __ATTR_GNU_INLINE__   __attribute__((__gnu_inline__))
 103:/usr/lib/avr/include/stdlib.h **** # else
 104:/usr/lib/avr/include/stdlib.h **** #  define __ATTR_GNU_INLINE__
 105:/usr/lib/avr/include/stdlib.h **** # endif
 106:/usr/lib/avr/include/stdlib.h **** #endif
 107:/usr/lib/avr/include/stdlib.h **** 
 108:/usr/lib/avr/include/stdlib.h **** #endif
 109:/usr/lib/avr/include/stdlib.h **** 
 110:/usr/lib/avr/include/stdlib.h **** /** The abort() function causes abnormal program termination to occur.
 111:/usr/lib/avr/include/stdlib.h ****     This realization disables interrupts and jumps to _exit() function
 112:/usr/lib/avr/include/stdlib.h ****     with argument equal to 1. In the limited AVR environment, execution is
 113:/usr/lib/avr/include/stdlib.h ****     effectively halted by entering an infinite loop. */
 114:/usr/lib/avr/include/stdlib.h **** extern void abort(void) __ATTR_NORETURN__;
 115:/usr/lib/avr/include/stdlib.h **** 
 116:/usr/lib/avr/include/stdlib.h **** /** The abs() function computes the absolute value of the integer \c i.
 117:/usr/lib/avr/include/stdlib.h ****    \note The abs() and labs() functions are builtins of gcc.
 118:/usr/lib/avr/include/stdlib.h **** */
 119:/usr/lib/avr/include/stdlib.h **** extern int abs(int __i) __ATTR_CONST__;
 120:/usr/lib/avr/include/stdlib.h **** #ifndef __DOXYGEN__
 121:/usr/lib/avr/include/stdlib.h **** #define	abs(__i) __builtin_abs(__i)
 122:/usr/lib/avr/include/stdlib.h **** #endif
 123:/usr/lib/avr/include/stdlib.h **** 
 124:/usr/lib/avr/include/stdlib.h **** /** The labs() function computes the absolute value of the long integer
 125:/usr/lib/avr/include/stdlib.h ****     \c i.
 126:/usr/lib/avr/include/stdlib.h ****    \note The abs() and labs() functions are builtins of gcc.
 127:/usr/lib/avr/include/stdlib.h **** */
 128:/usr/lib/avr/include/stdlib.h **** extern long labs(long __i) __ATTR_CONST__;
 129:/usr/lib/avr/include/stdlib.h **** #ifndef __DOXYGEN__
 130:/usr/lib/avr/include/stdlib.h **** #define labs(__i) __builtin_labs(__i)
 131:/usr/lib/avr/include/stdlib.h **** #endif
 132:/usr/lib/avr/include/stdlib.h **** 
 133:/usr/lib/avr/include/stdlib.h **** /**
 134:/usr/lib/avr/include/stdlib.h ****      The bsearch() function searches an array of \c nmemb objects, the
 135:/usr/lib/avr/include/stdlib.h ****      initial member of which is pointed to by \c base, for a member
 136:/usr/lib/avr/include/stdlib.h ****      that matches the object pointed to by \c key.  The size of each
 137:/usr/lib/avr/include/stdlib.h ****      member of the array is specified by \c size.
 138:/usr/lib/avr/include/stdlib.h **** 
 139:/usr/lib/avr/include/stdlib.h ****      The contents of the array should be in ascending sorted order
 140:/usr/lib/avr/include/stdlib.h ****      according to the comparison function referenced by \c compar.
 141:/usr/lib/avr/include/stdlib.h ****      The \c compar routine is expected to have two arguments which
 142:/usr/lib/avr/include/stdlib.h ****      point to the key object and to an array member, in that order,
 143:/usr/lib/avr/include/stdlib.h ****      and should return an integer less than, equal to, or greater than
 144:/usr/lib/avr/include/stdlib.h ****      zero if the key object is found, respectively, to be less than,
 145:/usr/lib/avr/include/stdlib.h ****      to match, or be greater than the array member.
 146:/usr/lib/avr/include/stdlib.h **** 
 147:/usr/lib/avr/include/stdlib.h ****      The bsearch() function returns a pointer to a matching member of
 148:/usr/lib/avr/include/stdlib.h ****      the array, or a null pointer if no match is found.  If two
 149:/usr/lib/avr/include/stdlib.h ****      members compare as equal, which member is matched is unspecified.
 150:/usr/lib/avr/include/stdlib.h **** */
 151:/usr/lib/avr/include/stdlib.h **** extern void *bsearch(const void *__key, const void *__base, size_t __nmemb,
 152:/usr/lib/avr/include/stdlib.h **** 		     size_t __size, int (*__compar)(const void *, const void *));
 153:/usr/lib/avr/include/stdlib.h **** 
 154:/usr/lib/avr/include/stdlib.h **** /* __divmodhi4 and __divmodsi4 from libgcc.a */
 155:/usr/lib/avr/include/stdlib.h **** /**
 156:/usr/lib/avr/include/stdlib.h ****      The div() function computes the value \c num/denom and returns
 157:/usr/lib/avr/include/stdlib.h ****      the quotient and remainder in a structure named \c div_t that
 158:/usr/lib/avr/include/stdlib.h ****      contains two int members named \c quot and \c rem.
GAS LISTING /tmp/ccb7dtn3.s 			page 12


 159:/usr/lib/avr/include/stdlib.h **** */
 160:/usr/lib/avr/include/stdlib.h **** extern div_t div(int __num, int __denom) __asm__("__divmodhi4") __ATTR_CONST__;
 161:/usr/lib/avr/include/stdlib.h **** /**
 162:/usr/lib/avr/include/stdlib.h ****      The ldiv() function computes the value \c num/denom and returns
 163:/usr/lib/avr/include/stdlib.h ****      the quotient and remainder in a structure named \c ldiv_t that
 164:/usr/lib/avr/include/stdlib.h ****      contains two long integer members named \c quot and \c rem.
 165:/usr/lib/avr/include/stdlib.h **** */
 166:/usr/lib/avr/include/stdlib.h **** extern ldiv_t ldiv(long __num, long __denom) __asm__("__divmodsi4") __ATTR_CONST__;
 167:/usr/lib/avr/include/stdlib.h **** 
 168:/usr/lib/avr/include/stdlib.h **** /**
 169:/usr/lib/avr/include/stdlib.h ****      The qsort() function is a modified partition-exchange sort, or
 170:/usr/lib/avr/include/stdlib.h ****      quicksort.
 171:/usr/lib/avr/include/stdlib.h **** 
 172:/usr/lib/avr/include/stdlib.h ****      The qsort() function sorts an array of \c nmemb objects, the
 173:/usr/lib/avr/include/stdlib.h ****      initial member of which is pointed to by \c base.  The size of
 174:/usr/lib/avr/include/stdlib.h ****      each object is specified by \c size.  The contents of the array
 175:/usr/lib/avr/include/stdlib.h ****      base are sorted in ascending order according to a comparison
 176:/usr/lib/avr/include/stdlib.h ****      function pointed to by \c compar, which requires two arguments
 177:/usr/lib/avr/include/stdlib.h ****      pointing to the objects being compared.
 178:/usr/lib/avr/include/stdlib.h **** 
 179:/usr/lib/avr/include/stdlib.h ****      The comparison function must return an integer less than, equal
 180:/usr/lib/avr/include/stdlib.h ****      to, or greater than zero if the first argument is considered to
 181:/usr/lib/avr/include/stdlib.h ****      be respectively less than, equal to, or greater than the second.
 182:/usr/lib/avr/include/stdlib.h **** */
 183:/usr/lib/avr/include/stdlib.h **** extern void qsort(void *__base, size_t __nmemb, size_t __size,
 184:/usr/lib/avr/include/stdlib.h **** 		  __compar_fn_t __compar);
 185:/usr/lib/avr/include/stdlib.h **** 
 186:/usr/lib/avr/include/stdlib.h **** /**
 187:/usr/lib/avr/include/stdlib.h ****     The strtol() function converts the string in \c nptr to a long
 188:/usr/lib/avr/include/stdlib.h ****     value.  The conversion is done according to the given base, which
 189:/usr/lib/avr/include/stdlib.h ****     must be between 2 and 36 inclusive, or be the special value 0.
 190:/usr/lib/avr/include/stdlib.h **** 
 191:/usr/lib/avr/include/stdlib.h ****     The string may begin with an arbitrary amount of white space (as
 192:/usr/lib/avr/include/stdlib.h ****     determined by isspace()) followed by a single optional \c '+' or \c '-'
 193:/usr/lib/avr/include/stdlib.h ****     sign.  If \c base is zero or 16, the string may then include a
 194:/usr/lib/avr/include/stdlib.h ****     \c "0x" prefix, and the number will be read in base 16; otherwise,
 195:/usr/lib/avr/include/stdlib.h ****     a zero base is taken as 10 (decimal) unless the next character is
 196:/usr/lib/avr/include/stdlib.h ****     \c '0', in which case it is taken as 8 (octal).
 197:/usr/lib/avr/include/stdlib.h **** 
 198:/usr/lib/avr/include/stdlib.h ****     The remainder of the string is converted to a long value in the
 199:/usr/lib/avr/include/stdlib.h ****     obvious manner, stopping at the first character which is not a
 200:/usr/lib/avr/include/stdlib.h ****     valid digit in the given base.  (In bases above 10, the letter \c 'A'
 201:/usr/lib/avr/include/stdlib.h ****     in either upper or lower case represents 10, \c 'B' represents 11,
 202:/usr/lib/avr/include/stdlib.h ****     and so forth, with \c 'Z' representing 35.)
 203:/usr/lib/avr/include/stdlib.h **** 
 204:/usr/lib/avr/include/stdlib.h ****     If \c endptr is not NULL, strtol() stores the address of the first
 205:/usr/lib/avr/include/stdlib.h ****     invalid character in \c *endptr.  If there were no digits at all,
 206:/usr/lib/avr/include/stdlib.h ****     however, strtol() stores the original value of \c nptr in \c
 207:/usr/lib/avr/include/stdlib.h ****     *endptr.  (Thus, if \c *nptr is not \c '\\0' but \c **endptr is \c '\\0'
 208:/usr/lib/avr/include/stdlib.h ****     on return, the entire string was valid.)
 209:/usr/lib/avr/include/stdlib.h **** 
 210:/usr/lib/avr/include/stdlib.h ****     The strtol() function returns the result of the conversion, unless
 211:/usr/lib/avr/include/stdlib.h ****     the value would underflow or overflow.  If no conversion could be
 212:/usr/lib/avr/include/stdlib.h ****     performed, 0 is returned.  If an overflow or underflow occurs, \c
 213:/usr/lib/avr/include/stdlib.h ****     errno is set to \ref avr_errno "ERANGE" and the function return value
 214:/usr/lib/avr/include/stdlib.h ****     is clamped to \c LONG_MIN or \c LONG_MAX, respectively.
 215:/usr/lib/avr/include/stdlib.h **** */
GAS LISTING /tmp/ccb7dtn3.s 			page 13


 216:/usr/lib/avr/include/stdlib.h **** extern long strtol(const char *__nptr, char **__endptr, int __base);
 217:/usr/lib/avr/include/stdlib.h **** 
 218:/usr/lib/avr/include/stdlib.h **** /**
 219:/usr/lib/avr/include/stdlib.h ****     The strtoul() function converts the string in \c nptr to an
 220:/usr/lib/avr/include/stdlib.h ****     unsigned long value.  The conversion is done according to the
 221:/usr/lib/avr/include/stdlib.h ****     given base, which must be between 2 and 36 inclusive, or be the
 222:/usr/lib/avr/include/stdlib.h ****     special value 0.
 223:/usr/lib/avr/include/stdlib.h **** 
 224:/usr/lib/avr/include/stdlib.h ****     The string may begin with an arbitrary amount of white space (as
 225:/usr/lib/avr/include/stdlib.h ****     determined by isspace()) followed by a single optional \c '+' or \c '-'
 226:/usr/lib/avr/include/stdlib.h ****     sign.  If \c base is zero or 16, the string may then include a
 227:/usr/lib/avr/include/stdlib.h ****     \c "0x" prefix, and the number will be read in base 16; otherwise,
 228:/usr/lib/avr/include/stdlib.h ****     a zero base is taken as 10 (decimal) unless the next character is
 229:/usr/lib/avr/include/stdlib.h ****     \c '0', in which case it is taken as 8 (octal).
 230:/usr/lib/avr/include/stdlib.h **** 
 231:/usr/lib/avr/include/stdlib.h ****     The remainder of the string is converted to an unsigned long value
 232:/usr/lib/avr/include/stdlib.h ****     in the obvious manner, stopping at the first character which is
 233:/usr/lib/avr/include/stdlib.h ****     not a valid digit in the given base.  (In bases above 10, the
 234:/usr/lib/avr/include/stdlib.h ****     letter \c 'A' in either upper or lower case represents 10, \c 'B'
 235:/usr/lib/avr/include/stdlib.h ****     represents 11, and so forth, with \c 'Z' representing 35.)
 236:/usr/lib/avr/include/stdlib.h **** 
 237:/usr/lib/avr/include/stdlib.h ****     If \c endptr is not NULL, strtoul() stores the address of the first
 238:/usr/lib/avr/include/stdlib.h ****     invalid character in \c *endptr.  If there were no digits at all,
 239:/usr/lib/avr/include/stdlib.h ****     however, strtoul() stores the original value of \c nptr in \c
 240:/usr/lib/avr/include/stdlib.h ****     *endptr.  (Thus, if \c *nptr is not \c '\\0' but \c **endptr is \c '\\0'
 241:/usr/lib/avr/include/stdlib.h ****     on return, the entire string was valid.)
 242:/usr/lib/avr/include/stdlib.h **** 
 243:/usr/lib/avr/include/stdlib.h ****     The strtoul() function return either the result of the conversion
 244:/usr/lib/avr/include/stdlib.h ****     or, if there was a leading minus sign, the negation of the result
 245:/usr/lib/avr/include/stdlib.h ****     of the conversion, unless the original (non-negated) value would
 246:/usr/lib/avr/include/stdlib.h ****     overflow; in the latter case, strtoul() returns ULONG_MAX, and \c
 247:/usr/lib/avr/include/stdlib.h ****     errno is set to \ref avr_errno "ERANGE".  If no conversion could 
 248:/usr/lib/avr/include/stdlib.h ****     be performed, 0 is returned.
 249:/usr/lib/avr/include/stdlib.h **** */
 250:/usr/lib/avr/include/stdlib.h **** extern unsigned long strtoul(const char *__nptr, char **__endptr, int __base);
 251:/usr/lib/avr/include/stdlib.h **** 
 252:/usr/lib/avr/include/stdlib.h **** /**
 253:/usr/lib/avr/include/stdlib.h ****     The atol() function converts the initial portion of the string
 254:/usr/lib/avr/include/stdlib.h ****     pointed to by \p s to long integer representation. In contrast to
 255:/usr/lib/avr/include/stdlib.h **** 
 256:/usr/lib/avr/include/stdlib.h ****         \code strtol(s, (char **)NULL, 10); \endcode
 257:/usr/lib/avr/include/stdlib.h **** 
 258:/usr/lib/avr/include/stdlib.h ****     this function does not detect overflow (\c errno is not changed and
 259:/usr/lib/avr/include/stdlib.h ****     the result value is not predictable), uses smaller memory (flash and
 260:/usr/lib/avr/include/stdlib.h ****     stack) and works more quickly.
 261:/usr/lib/avr/include/stdlib.h **** */
 262:/usr/lib/avr/include/stdlib.h **** extern long atol(const char *__s) __ATTR_PURE__;
 263:/usr/lib/avr/include/stdlib.h **** 
 264:/usr/lib/avr/include/stdlib.h **** /**
 265:/usr/lib/avr/include/stdlib.h ****     The atoi() function converts the initial portion of the string
 266:/usr/lib/avr/include/stdlib.h ****     pointed to by \p s to integer representation. In contrast to
 267:/usr/lib/avr/include/stdlib.h **** 
 268:/usr/lib/avr/include/stdlib.h ****         \code (int)strtol(s, (char **)NULL, 10); \endcode
 269:/usr/lib/avr/include/stdlib.h **** 
 270:/usr/lib/avr/include/stdlib.h ****     this function does not detect overflow (\c errno is not changed and
 271:/usr/lib/avr/include/stdlib.h ****     the result value is not predictable), uses smaller memory (flash and
 272:/usr/lib/avr/include/stdlib.h ****     stack) and works more quickly.
GAS LISTING /tmp/ccb7dtn3.s 			page 14


 273:/usr/lib/avr/include/stdlib.h **** */
 274:/usr/lib/avr/include/stdlib.h **** extern int atoi(const char *__s) __ATTR_PURE__;
 275:/usr/lib/avr/include/stdlib.h **** 
 276:/usr/lib/avr/include/stdlib.h **** /**
 277:/usr/lib/avr/include/stdlib.h ****    The exit() function terminates the application.  Since there is no
 278:/usr/lib/avr/include/stdlib.h ****    environment to return to, \c status is ignored, and code execution
 279:/usr/lib/avr/include/stdlib.h ****    will eventually reach an infinite loop, thereby effectively halting
 280:/usr/lib/avr/include/stdlib.h ****    all code processing.  Before entering the infinite loop, interrupts
 281:/usr/lib/avr/include/stdlib.h ****    are globally disabled.
 282:/usr/lib/avr/include/stdlib.h **** 
 283:/usr/lib/avr/include/stdlib.h ****    In a C++ context, global destructors will be called before halting
 284:/usr/lib/avr/include/stdlib.h ****    execution.
 285:/usr/lib/avr/include/stdlib.h **** */
 286:/usr/lib/avr/include/stdlib.h **** extern void exit(int __status) __ATTR_NORETURN__;
 287:/usr/lib/avr/include/stdlib.h **** 
 288:/usr/lib/avr/include/stdlib.h **** /**
 289:/usr/lib/avr/include/stdlib.h ****    The malloc() function allocates \c size bytes of memory.
 290:/usr/lib/avr/include/stdlib.h ****    If malloc() fails, a NULL pointer is returned.
 291:/usr/lib/avr/include/stdlib.h **** 
 292:/usr/lib/avr/include/stdlib.h ****    Note that malloc() does \e not initialize the returned memory to
 293:/usr/lib/avr/include/stdlib.h ****    zero bytes.
 294:/usr/lib/avr/include/stdlib.h **** 
 295:/usr/lib/avr/include/stdlib.h ****    See the chapter about \ref malloc "malloc() usage" for implementation
 296:/usr/lib/avr/include/stdlib.h ****    details.
 297:/usr/lib/avr/include/stdlib.h **** */
 298:/usr/lib/avr/include/stdlib.h **** extern void *malloc(size_t __size) __ATTR_MALLOC__;
 299:/usr/lib/avr/include/stdlib.h **** 
 300:/usr/lib/avr/include/stdlib.h **** /**
 301:/usr/lib/avr/include/stdlib.h ****    The free() function causes the allocated memory referenced by \c
 302:/usr/lib/avr/include/stdlib.h ****    ptr to be made available for future allocations.  If \c ptr is
 303:/usr/lib/avr/include/stdlib.h ****    NULL, no action occurs.
 304:/usr/lib/avr/include/stdlib.h **** */
 305:/usr/lib/avr/include/stdlib.h **** extern void free(void *__ptr);
 306:/usr/lib/avr/include/stdlib.h **** 
 307:/usr/lib/avr/include/stdlib.h **** /**
 308:/usr/lib/avr/include/stdlib.h ****    \c malloc() \ref malloc_tunables "tunable".
 309:/usr/lib/avr/include/stdlib.h **** */
 310:/usr/lib/avr/include/stdlib.h **** extern size_t __malloc_margin;
 311:/usr/lib/avr/include/stdlib.h **** 
 312:/usr/lib/avr/include/stdlib.h **** /**
 313:/usr/lib/avr/include/stdlib.h ****    \c malloc() \ref malloc_tunables "tunable".
 314:/usr/lib/avr/include/stdlib.h **** */
 315:/usr/lib/avr/include/stdlib.h **** extern char *__malloc_heap_start;
 316:/usr/lib/avr/include/stdlib.h **** 
 317:/usr/lib/avr/include/stdlib.h **** /**
 318:/usr/lib/avr/include/stdlib.h ****    \c malloc() \ref malloc_tunables "tunable".
 319:/usr/lib/avr/include/stdlib.h **** */
 320:/usr/lib/avr/include/stdlib.h **** extern char *__malloc_heap_end;
 321:/usr/lib/avr/include/stdlib.h **** 
 322:/usr/lib/avr/include/stdlib.h **** /**
 323:/usr/lib/avr/include/stdlib.h ****    Allocate \c nele elements of \c size each.  Identical to calling
 324:/usr/lib/avr/include/stdlib.h ****    \c malloc() using <tt>nele * size</tt> as argument, except the
 325:/usr/lib/avr/include/stdlib.h ****    allocated memory will be cleared to zero.
 326:/usr/lib/avr/include/stdlib.h **** */
 327:/usr/lib/avr/include/stdlib.h **** extern void *calloc(size_t __nele, size_t __size) __ATTR_MALLOC__;
 328:/usr/lib/avr/include/stdlib.h **** 
 329:/usr/lib/avr/include/stdlib.h **** /**
GAS LISTING /tmp/ccb7dtn3.s 			page 15


 330:/usr/lib/avr/include/stdlib.h ****    The realloc() function tries to change the size of the region
 331:/usr/lib/avr/include/stdlib.h ****    allocated at \c ptr to the new \c size value.  It returns a
 332:/usr/lib/avr/include/stdlib.h ****    pointer to the new region.  The returned pointer might be the
 333:/usr/lib/avr/include/stdlib.h ****    same as the old pointer, or a pointer to a completely different
 334:/usr/lib/avr/include/stdlib.h ****    region.
 335:/usr/lib/avr/include/stdlib.h **** 
 336:/usr/lib/avr/include/stdlib.h ****    The contents of the returned region up to either the old or the new
 337:/usr/lib/avr/include/stdlib.h ****    size value (whatever is less) will be identical to the contents of
 338:/usr/lib/avr/include/stdlib.h ****    the old region, even in case a new region had to be allocated.
 339:/usr/lib/avr/include/stdlib.h **** 
 340:/usr/lib/avr/include/stdlib.h ****    It is acceptable to pass \c ptr as NULL, in which case realloc()
 341:/usr/lib/avr/include/stdlib.h ****    will behave identical to malloc().
 342:/usr/lib/avr/include/stdlib.h **** 
 343:/usr/lib/avr/include/stdlib.h ****    If the new memory cannot be allocated, realloc() returns NULL, and
 344:/usr/lib/avr/include/stdlib.h ****    the region at \c ptr will not be changed.
 345:/usr/lib/avr/include/stdlib.h **** */
 346:/usr/lib/avr/include/stdlib.h **** extern void *realloc(void *__ptr, size_t __size) __ATTR_MALLOC__;
 347:/usr/lib/avr/include/stdlib.h **** 
 348:/usr/lib/avr/include/stdlib.h **** extern double strtod(const char *__nptr, char **__endptr);
 349:/usr/lib/avr/include/stdlib.h **** 
 350:/usr/lib/avr/include/stdlib.h **** extern double atof(const char *__nptr);
 351:/usr/lib/avr/include/stdlib.h **** 
 352:/usr/lib/avr/include/stdlib.h **** /** Highest number that can be generated by rand(). */
 353:/usr/lib/avr/include/stdlib.h **** #define	RAND_MAX 0x7FFF
 354:/usr/lib/avr/include/stdlib.h **** 
 355:/usr/lib/avr/include/stdlib.h **** /**
 356:/usr/lib/avr/include/stdlib.h ****      The rand() function computes a sequence of pseudo-random integers in the
 357:/usr/lib/avr/include/stdlib.h ****      range of 0 to \c RAND_MAX (as defined by the header file <stdlib.h>).
 358:/usr/lib/avr/include/stdlib.h **** 
 359:/usr/lib/avr/include/stdlib.h ****      The srand() function sets its argument \c seed as the seed for a new
 360:/usr/lib/avr/include/stdlib.h ****      sequence of pseudo-random numbers to be returned by rand().  These
 361:/usr/lib/avr/include/stdlib.h ****      sequences are repeatable by calling srand() with the same seed value.
 362:/usr/lib/avr/include/stdlib.h **** 
 363:/usr/lib/avr/include/stdlib.h ****      If no seed value is provided, the functions are automatically seeded with
 364:/usr/lib/avr/include/stdlib.h ****      a value of 1.
 365:/usr/lib/avr/include/stdlib.h **** 
 366:/usr/lib/avr/include/stdlib.h ****      In compliance with the C standard, these functions operate on
 367:/usr/lib/avr/include/stdlib.h ****      \c int arguments.  Since the underlying algorithm already uses
 368:/usr/lib/avr/include/stdlib.h ****      32-bit calculations, this causes a loss of precision.  See
 369:/usr/lib/avr/include/stdlib.h ****      \c random() for an alternate set of functions that retains full
 370:/usr/lib/avr/include/stdlib.h ****      32-bit precision.
 371:/usr/lib/avr/include/stdlib.h **** */
 372:/usr/lib/avr/include/stdlib.h **** extern int rand(void);
 373:/usr/lib/avr/include/stdlib.h **** /**
 374:/usr/lib/avr/include/stdlib.h ****    Pseudo-random number generator seeding; see rand().
 375:/usr/lib/avr/include/stdlib.h **** */
 376:/usr/lib/avr/include/stdlib.h **** extern void srand(unsigned int __seed);
 377:/usr/lib/avr/include/stdlib.h **** 
 378:/usr/lib/avr/include/stdlib.h **** /**
 379:/usr/lib/avr/include/stdlib.h ****    Variant of rand() that stores the context in the user-supplied
 380:/usr/lib/avr/include/stdlib.h ****    variable located at \c ctx instead of a static library variable
 381:/usr/lib/avr/include/stdlib.h ****    so the function becomes re-entrant.
 382:/usr/lib/avr/include/stdlib.h **** */
 383:/usr/lib/avr/include/stdlib.h **** extern int rand_r(unsigned long *__ctx);
 384:/usr/lib/avr/include/stdlib.h **** /*@}*/
 385:/usr/lib/avr/include/stdlib.h **** 
 386:/usr/lib/avr/include/stdlib.h **** /*@{*/
GAS LISTING /tmp/ccb7dtn3.s 			page 16


 387:/usr/lib/avr/include/stdlib.h **** /** \name Non-standard (i.e. non-ISO C) functions.
 388:/usr/lib/avr/include/stdlib.h ****  \ingroup avr_stdlib
 389:/usr/lib/avr/include/stdlib.h **** */
 390:/usr/lib/avr/include/stdlib.h **** /**
 391:/usr/lib/avr/include/stdlib.h ****    \brief Convert an integer to a string.
 392:/usr/lib/avr/include/stdlib.h **** 
 393:/usr/lib/avr/include/stdlib.h ****    The function itoa() converts the integer value from \c val into an
 394:/usr/lib/avr/include/stdlib.h ****    ASCII representation that will be stored under \c s.  The caller
 395:/usr/lib/avr/include/stdlib.h ****    is responsible for providing sufficient storage in \c s.
 396:/usr/lib/avr/include/stdlib.h **** 
 397:/usr/lib/avr/include/stdlib.h ****    \note The minimal size of the buffer \c s depends on the choice of
 398:/usr/lib/avr/include/stdlib.h ****    radix. For example, if the radix is 2 (binary), you need to supply a buffer
 399:/usr/lib/avr/include/stdlib.h ****    with a minimal length of 8 * sizeof (int) + 1 characters, i.e. one
 400:/usr/lib/avr/include/stdlib.h ****    character for each bit plus one for the string terminator. Using a larger
 401:/usr/lib/avr/include/stdlib.h ****    radix will require a smaller minimal buffer size.
 402:/usr/lib/avr/include/stdlib.h **** 
 403:/usr/lib/avr/include/stdlib.h ****    \warning If the buffer is too small, you risk a buffer overflow.
 404:/usr/lib/avr/include/stdlib.h **** 
 405:/usr/lib/avr/include/stdlib.h ****    Conversion is done using the \c radix as base, which may be a
 406:/usr/lib/avr/include/stdlib.h ****    number between 2 (binary conversion) and up to 36.  If \c radix
 407:/usr/lib/avr/include/stdlib.h ****    is greater than 10, the next digit after \c '9' will be the letter
 408:/usr/lib/avr/include/stdlib.h ****    \c 'a'.
 409:/usr/lib/avr/include/stdlib.h ****     
 410:/usr/lib/avr/include/stdlib.h ****     If radix is 10 and val is negative, a minus sign will be prepended.
 411:/usr/lib/avr/include/stdlib.h **** 
 412:/usr/lib/avr/include/stdlib.h ****    The itoa() function returns the pointer passed as \c s.
 413:/usr/lib/avr/include/stdlib.h **** */
 414:/usr/lib/avr/include/stdlib.h **** #ifdef  __DOXYGEN__
 415:/usr/lib/avr/include/stdlib.h **** extern char *itoa(int val, char *s, int radix);
 416:/usr/lib/avr/include/stdlib.h **** #else
 417:/usr/lib/avr/include/stdlib.h **** extern __inline__ __ATTR_GNU_INLINE__
 418:/usr/lib/avr/include/stdlib.h **** char *itoa (int __val, char *__s, int __radix)
 419:/usr/lib/avr/include/stdlib.h **** {
 420:/usr/lib/avr/include/stdlib.h ****     if (!__builtin_constant_p (__radix)) {
 421:/usr/lib/avr/include/stdlib.h **** 	extern char *__itoa (int, char *, int);
 422:/usr/lib/avr/include/stdlib.h **** 	return __itoa (__val, __s, __radix);
 423:/usr/lib/avr/include/stdlib.h ****     } else if (__radix < 2 || __radix > 36) {
 424:/usr/lib/avr/include/stdlib.h **** 	*__s = 0;
 425:/usr/lib/avr/include/stdlib.h **** 	return __s;
 426:/usr/lib/avr/include/stdlib.h ****     } else {
 427:/usr/lib/avr/include/stdlib.h **** 	extern char *__itoa_ncheck (int, char *, unsigned char);
 428:/usr/lib/avr/include/stdlib.h **** 	return __itoa_ncheck (__val, __s, __radix);
 238               		.stabn	68,0,428,.LM13-.LFBB3
 239               	.LM13:
 240 0014 4AE0      		ldi r20,lo8(10)
 241 0016 BE01      		movw r22,r28
 242 0018 6F5F      		subi r22,-1
 243 001a 7F4F      		sbci r23,-1
 244 001c 00D0      		rcall __itoa_ncheck
 245               	.LBE11:
 246               	.LBE10:
 247               		.stabs	"./lib/print.c",132,0,0,.Ltext2
 248               	.Ltext2:
 108:./lib/print.c **** }
 249               		.stabn	68,0,108,.LM14-.LFBB3
 250               	.LM14:
 251 001e CE01      		movw r24,r28
GAS LISTING /tmp/ccb7dtn3.s 			page 17


 252 0020 0196      		adiw r24,1
 253 0022 00D0      		rcall SerPrint
 254               	/* epilogue start */
 109:./lib/print.c **** 
 255               		.stabn	68,0,109,.LM15-.LFBB3
 256               	.LM15:
 257 0024 2796      		adiw r28,7
 258 0026 0FB6      		in __tmp_reg__,__SREG__
 259 0028 F894      		cli
 260 002a DEBF      		out __SP_H__,r29
 261 002c 0FBE      		out __SREG__,__tmp_reg__
 262 002e CDBF      		out __SP_L__,r28
 263 0030 DF91      		pop r29
 264 0032 CF91      		pop r28
 265 0034 0895      		ret
 266               		.size	PrintInt, .-PrintInt
 267               		.stabs	"text:(0,49)=ar(0,50)=r(0,50);0;0177777;;0;6;(0,2)",128,0,105,1
 268               		.stabn	192,0,0,.LFBB3-.LFBB3
 269               		.stabn	224,0,0,.Lscope3-.LFBB3
 270               	.Lscope3:
 271               		.stabs	"",36,0,0,.Lscope3-.LFBB3
 272               		.stabd	78,0,0
 273               		.section	.text.PrintLong,"ax",@progbits
 274               		.stabs	"PrintLong:F(0,47)",36,0,141,PrintLong
 275               		.stabs	"wert:P(0,3)",64,0,142,22
 276               	.global	PrintLong
 277               		.type	PrintLong, @function
 278               	PrintLong:
 279               		.stabd	46,0,0
 143:./lib/print.c ****   char text [12];                       // '-'1234567891'\0'
 280               		.stabn	68,0,143,.LM16-.LFBB4
 281               	.LM16:
 282               	.LFBB4:
 283 0000 CF93      		push r28
 284 0002 DF93      		push r29
 285 0004 CDB7      		in r28,__SP_L__
 286 0006 DEB7      		in r29,__SP_H__
 287 0008 2C97      		sbiw r28,12
 288 000a 0FB6      		in __tmp_reg__,__SREG__
 289 000c F894      		cli
 290 000e DEBF      		out __SP_H__,r29
 291 0010 0FBE      		out __SREG__,__tmp_reg__
 292 0012 CDBF      		out __SP_L__,r28
 293               	/* prologue: function */
 294               	/* frame size = 12 */
 295               	/* stack size = 14 */
 296               	.L__stack_usage = 14
 297               	.LBB12:
 298               	.LBB13:
 299               		.stabs	"/usr/lib/avr/include/stdlib.h",132,0,0,.Ltext3
 300               	.Ltext3:
 429:/usr/lib/avr/include/stdlib.h ****     }
 430:/usr/lib/avr/include/stdlib.h **** }
 431:/usr/lib/avr/include/stdlib.h **** #endif
 432:/usr/lib/avr/include/stdlib.h **** 
 433:/usr/lib/avr/include/stdlib.h **** /**
 434:/usr/lib/avr/include/stdlib.h ****  \ingroup avr_stdlib
GAS LISTING /tmp/ccb7dtn3.s 			page 18


 435:/usr/lib/avr/include/stdlib.h ****  
 436:/usr/lib/avr/include/stdlib.h ****    \brief Convert a long integer to a string.
 437:/usr/lib/avr/include/stdlib.h **** 
 438:/usr/lib/avr/include/stdlib.h ****    The function ltoa() converts the long integer value from \c val into an
 439:/usr/lib/avr/include/stdlib.h ****    ASCII representation that will be stored under \c s.  The caller
 440:/usr/lib/avr/include/stdlib.h ****    is responsible for providing sufficient storage in \c s.
 441:/usr/lib/avr/include/stdlib.h **** 
 442:/usr/lib/avr/include/stdlib.h ****    \note The minimal size of the buffer \c s depends on the choice of
 443:/usr/lib/avr/include/stdlib.h ****    radix. For example, if the radix is 2 (binary), you need to supply a buffer
 444:/usr/lib/avr/include/stdlib.h ****    with a minimal length of 8 * sizeof (long int) + 1 characters, i.e. one
 445:/usr/lib/avr/include/stdlib.h ****    character for each bit plus one for the string terminator. Using a larger
 446:/usr/lib/avr/include/stdlib.h ****    radix will require a smaller minimal buffer size.
 447:/usr/lib/avr/include/stdlib.h **** 
 448:/usr/lib/avr/include/stdlib.h ****    \warning If the buffer is too small, you risk a buffer overflow.
 449:/usr/lib/avr/include/stdlib.h **** 
 450:/usr/lib/avr/include/stdlib.h ****    Conversion is done using the \c radix as base, which may be a
 451:/usr/lib/avr/include/stdlib.h ****    number between 2 (binary conversion) and up to 36.  If \c radix
 452:/usr/lib/avr/include/stdlib.h ****    is greater than 10, the next digit after \c '9' will be the letter
 453:/usr/lib/avr/include/stdlib.h ****    \c 'a'.
 454:/usr/lib/avr/include/stdlib.h **** 
 455:/usr/lib/avr/include/stdlib.h ****    If radix is 10 and val is negative, a minus sign will be prepended.
 456:/usr/lib/avr/include/stdlib.h **** 
 457:/usr/lib/avr/include/stdlib.h ****    The ltoa() function returns the pointer passed as \c s.
 458:/usr/lib/avr/include/stdlib.h **** */
 459:/usr/lib/avr/include/stdlib.h **** #ifdef  __DOXYGEN__
 460:/usr/lib/avr/include/stdlib.h **** extern char *ltoa(long val, char *s, int radix);
 461:/usr/lib/avr/include/stdlib.h **** #else
 462:/usr/lib/avr/include/stdlib.h **** extern __inline__ __ATTR_GNU_INLINE__
 463:/usr/lib/avr/include/stdlib.h **** char *ltoa (long __val, char *__s, int __radix)
 464:/usr/lib/avr/include/stdlib.h **** {
 465:/usr/lib/avr/include/stdlib.h ****     if (!__builtin_constant_p (__radix)) {
 466:/usr/lib/avr/include/stdlib.h **** 	extern char *__ltoa (long, char *, int);
 467:/usr/lib/avr/include/stdlib.h **** 	return __ltoa (__val, __s, __radix);
 468:/usr/lib/avr/include/stdlib.h ****     } else if (__radix < 2 || __radix > 36) {
 469:/usr/lib/avr/include/stdlib.h **** 	*__s = 0;
 470:/usr/lib/avr/include/stdlib.h **** 	return __s;
 471:/usr/lib/avr/include/stdlib.h ****     } else {
 472:/usr/lib/avr/include/stdlib.h **** 	extern char *__ltoa_ncheck (long, char *, unsigned char);
 473:/usr/lib/avr/include/stdlib.h **** 	return __ltoa_ncheck (__val, __s, __radix);
 301               		.stabn	68,0,473,.LM17-.LFBB4
 302               	.LM17:
 303 0014 2AE0      		ldi r18,lo8(10)
 304 0016 AE01      		movw r20,r28
 305 0018 4F5F      		subi r20,-1
 306 001a 5F4F      		sbci r21,-1
 307 001c 00D0      		rcall __ltoa_ncheck
 308               	.LBE13:
 309               	.LBE12:
 310               		.stabs	"./lib/print.c",132,0,0,.Ltext4
 311               	.Ltext4:
 147:./lib/print.c **** }
 312               		.stabn	68,0,147,.LM18-.LFBB4
 313               	.LM18:
 314 001e CE01      		movw r24,r28
 315 0020 0196      		adiw r24,1
 316 0022 00D0      		rcall SerPrint
 317               	/* epilogue start */
GAS LISTING /tmp/ccb7dtn3.s 			page 19


 148:./lib/print.c **** 
 318               		.stabn	68,0,148,.LM19-.LFBB4
 319               	.LM19:
 320 0024 2C96      		adiw r28,12
 321 0026 0FB6      		in __tmp_reg__,__SREG__
 322 0028 F894      		cli
 323 002a DEBF      		out __SP_H__,r29
 324 002c 0FBE      		out __SREG__,__tmp_reg__
 325 002e CDBF      		out __SP_L__,r28
 326 0030 DF91      		pop r29
 327 0032 CF91      		pop r28
 328 0034 0895      		ret
 329               		.size	PrintLong, .-PrintLong
 330               		.stabs	"text:(0,51)=ar(0,50);0;11;(0,2)",128,0,144,1
 331               		.stabn	192,0,0,.LFBB4-.LFBB4
 332               		.stabn	224,0,0,.Lscope4-.LFBB4
 333               	.Lscope4:
 334               		.stabs	"",36,0,0,.Lscope4-.LFBB4
 335               		.stabd	78,0,0
 336               		.section	.text.SerPrint_p,"ax",@progbits
 337               		.stabs	"SerPrint_p:F(0,47)",36,0,263,SerPrint_p
 338               		.stabs	"data:P(0,52)=*(0,53)=k(0,2)",64,0,264,28
 339               	.global	SerPrint_p
 340               		.type	SerPrint_p, @function
 341               	SerPrint_p:
 342               		.stabd	46,0,0
 232:./lib/print.c **** 
 233:./lib/print.c **** /****************************************************************************/
 234:./lib/print.c **** /*!
 235:./lib/print.c ****   \brief
 236:./lib/print.c ****   Sendet einen null-terminierten String aus dem FLASH Speicher ueber die
 237:./lib/print.c ****   serielle Schnittstelle.
 238:./lib/print.c ****   
 239:./lib/print.c ****   \param[in]
 240:./lib/print.c ****   data null-terminierter String
 241:./lib/print.c **** 
 242:./lib/print.c ****   \author   marvin
 243:./lib/print.c **** 
 244:./lib/print.c ****   \version  V001 - 07.02.2008 - marvin\n
 245:./lib/print.c ****             first implementation
 246:./lib/print.c ****   \par Erlaeuterung:
 247:./lib/print.c ****   Alle String Variablen belegen normalerweise neben dem Speicherplatz im\n
 248:./lib/print.c ****   Programmspeicher (FLASH) zusätzlich denselben Speicherplatz im RAM.\n
 249:./lib/print.c ****   Den Speicherplatz im RAM laesst sich vermeiden, indem man den Bezeichner\n
 250:./lib/print.c ****   PROGMEM bei der Deklaration des Strings angibt.\n
 251:./lib/print.c ****   Zum Auslesen einzelner Zeichen des Strings aus dem Programmspeicher\n
 252:./lib/print.c ****   wird die Funktion pgm_read_byte aus der Standard Library verwendet.
 253:./lib/print.c **** 
 254:./lib/print.c **** 
 255:./lib/print.c ****   \par  Beispiel:
 256:./lib/print.c ****   (Nur zur Demonstration der Parameter/Returnwerte)
 257:./lib/print.c ****   \code
 258:./lib/print.c ****   // Beispiel fuer SerPrint_p
 259:./lib/print.c ****   const char Text_im_FLASH[] PROGMEM = "FLASH String";
 260:./lib/print.c ****   SerPrint_p (Text_im_FLASH);
 261:./lib/print.c ****   \endcode
 262:./lib/print.c **** *****************************************************************************/
GAS LISTING /tmp/ccb7dtn3.s 			page 20


 263:./lib/print.c **** void SerPrint_p (
 264:./lib/print.c ****   const char *data)
 265:./lib/print.c **** {
 343               		.stabn	68,0,265,.LM20-.LFBB5
 344               	.LM20:
 345               	.LFBB5:
 346 0000 CF93      		push r28
 347 0002 DF93      		push r29
 348               	/* prologue: function */
 349               	/* frame size = 0 */
 350               	/* stack size = 2 */
 351               	.L__stack_usage = 2
 352 0004 EC01      		movw r28,r24
 353               	.L16:
 354               	.LBB14:
 266:./lib/print.c ****   char c;
 267:./lib/print.c **** 
 268:./lib/print.c ****   while ((c = pgm_read_byte(data)) != 0)
 355               		.stabn	68,0,268,.LM21-.LFBB5
 356               	.LM21:
 357 0006 FE01      		movw r30,r28
 358               	/* #APP */
 359               	 ;  268 "./lib/print.c" 1
 360 0008 8491      		lpm r24, Z
 361               		
 362               	 ;  0 "" 2
 363               	/* #NOAPP */
 364               	.LBE14:
 365 000a 8823      		tst r24
 366 000c 01F0      		breq .L18
 269:./lib/print.c ****   {  
 270:./lib/print.c ****     UartPutc (c);
 367               		.stabn	68,0,270,.LM22-.LFBB5
 368               	.LM22:
 369 000e 00D0      		rcall UartPutc
 271:./lib/print.c ****     data++;
 370               		.stabn	68,0,271,.LM23-.LFBB5
 371               	.LM23:
 372 0010 2196      		adiw r28,1
 373 0012 00C0      		rjmp .L16
 374               	.L18:
 375               	/* epilogue start */
 272:./lib/print.c ****   }
 273:./lib/print.c **** }
 376               		.stabn	68,0,273,.LM24-.LFBB5
 377               	.LM24:
 378 0014 DF91      		pop r29
 379 0016 CF91      		pop r28
 380 0018 0895      		ret
 381               		.size	SerPrint_p, .-SerPrint_p
 382               	.Lscope5:
 383               		.stabs	"",36,0,0,.Lscope5-.LFBB5
 384               		.stabd	78,0,0
 385               		.text
 386               		.stabs	"",100,0,0,.Letext0
 387               	.Letext0:
 388               		.ident	"GCC: (GNU) 4.9.2"
GAS LISTING /tmp/ccb7dtn3.s 			page 21


GAS LISTING /tmp/ccb7dtn3.s 			page 22


DEFINED SYMBOLS
                            *ABS*:0000000000000000 print.c
     /tmp/ccb7dtn3.s:2      *ABS*:000000000000003e __SP_H__
     /tmp/ccb7dtn3.s:3      *ABS*:000000000000003d __SP_L__
     /tmp/ccb7dtn3.s:4      *ABS*:000000000000003f __SREG__
     /tmp/ccb7dtn3.s:5      *ABS*:0000000000000000 __tmp_reg__
     /tmp/ccb7dtn3.s:6      *ABS*:0000000000000001 __zero_reg__
     /tmp/ccb7dtn3.s:123    .text.UartPutc:0000000000000000 UartPutc
     /tmp/ccb7dtn3.s:165    .text.SerPrint:0000000000000000 SerPrint
     /tmp/ccb7dtn3.s:215    .text.PrintInt:0000000000000000 PrintInt
     /tmp/ccb7dtn3.s:278    .text.PrintLong:0000000000000000 PrintLong
     /tmp/ccb7dtn3.s:341    .text.SerPrint_p:0000000000000000 SerPrint_p

UNDEFINED SYMBOLS
__itoa_ncheck
__ltoa_ncheck
